Component: ARM Compiler 5.06 update 6 (build 750) Tool: armlink [4d35ed]

==============================================================================

Section Cross References

    main.o(i.EXTI0_IRQHandler) refers to main.o(.data) for statusLedGreen
    main.o(i.EXTI1_IRQHandler) refers to main.o(.data) for resetStep
    main.o(i.blinkLedGreen) refers to systick.o(i.getLedTicks) for getLedTicks
    main.o(i.blinkLedGreen) refers to systick.o(i.setLedTicks) for setLedTicks
    main.o(i.blinkLedGreen) refers to main.o(.data) for statusLedGreen
    main.o(i.calibrate) refers to mpu6050.o(i.mpu6050ReadAccel) for mpu6050ReadAccel
    main.o(i.calibrate) refers to faddsub_clz.o(x$fpl$fadd) for __aeabi_fadd
    main.o(i.calibrate) refers to f2d.o(x$fpl$f2d) for __aeabi_f2d
    main.o(i.calibrate) refers to ddiv.o(x$fpl$ddiv) for __aeabi_ddiv
    main.o(i.calibrate) refers to d2f.o(x$fpl$d2f) for __aeabi_d2f
    main.o(i.calibrate) refers to main.o(.bss) for AzValue
    main.o(i.calibrate) refers to main.o(.data) for AxAvg
    main.o(i.counterStep) refers to mpu6050.o(i.mpu6050ReadAccel) for mpu6050ReadAccel
    main.o(i.counterStep) refers to fmul.o(x$fpl$fmul) for __aeabi_fmul
    main.o(i.counterStep) refers to faddsub_clz.o(x$fpl$fadd) for __aeabi_fadd
    main.o(i.counterStep) refers to f2d.o(x$fpl$f2d) for __aeabi_f2d
    main.o(i.counterStep) refers to sqrt.o(i.sqrt) for sqrt
    main.o(i.counterStep) refers to d2f.o(x$fpl$d2f) for __aeabi_d2f
    main.o(i.counterStep) refers to fdiv.o(x$fpl$fdiv) for __aeabi_fdiv
    main.o(i.counterStep) refers to faddsub_clz.o(x$fpl$fsub) for __aeabi_fsub
    main.o(i.counterStep) refers to drleqf.o(x$fpl$drleqf) for __aeabi_cdrcmple
    main.o(i.counterStep) refers to dleqf.o(x$fpl$dleqf) for __aeabi_cdcmple
    main.o(i.counterStep) refers to main.o(.data) for Az
    main.o(i.displayLoading) refers to lcd1602.o(i.lcdClear) for lcdClear
    main.o(i.displayLoading) refers to lcd1602.o(i.lcdCmd) for lcdCmd
    main.o(i.displayLoading) refers to lcd1602.o(i.lcdSend) for lcdSend
    main.o(i.displayLoading) refers to systick.o(i.delayMs) for delayMs
    main.o(i.init) refers to main.o(i.__NVIC_SetPriority) for __NVIC_SetPriority
    main.o(i.init) refers to main.o(i.__NVIC_EnableIRQ) for __NVIC_EnableIRQ
    main.o(i.init) refers to system_stm32f10x.o(i.SystemInit) for SystemInit
    main.o(i.init) refers to systick.o(i.SysTickInit) for SysTickInit
    main.o(i.init) refers to lcd1602.o(i.lcdInit) for lcdInit
    main.o(i.init) refers to mpu6050.o(i.mpu6050Init) for mpu6050Init
    main.o(i.main) refers to _printf_percent.o(.ARM.Collect$$_printf_percent$$00000000) for _printf_percent
    main.o(i.main) refers to _printf_d.o(.ARM.Collect$$_printf_percent$$00000009) for _printf_d
    main.o(i.main) refers to _printf_dec.o(.text) for _printf_int_dec
    main.o(i.main) refers to _printf_f.o(.ARM.Collect$$_printf_percent$$00000003) for _printf_f
    main.o(i.main) refers to printf1.o(x$fpl$printf1) for _printf_fp_dec
    main.o(i.main) refers to main.o(i.init) for init
    main.o(i.main) refers to main.o(i.displayLoading) for displayLoading
    main.o(i.main) refers to lcd1602.o(i.lcdClear) for lcdClear
    main.o(i.main) refers to main.o(i.blinkLedGreen) for blinkLedGreen
    main.o(i.main) refers to main.o(i.counterStep) for counterStep
    main.o(i.main) refers to lcd1602.o(i.lcdMessage) for lcdMessage
    main.o(i.main) refers to noretval__2sprintf.o(.text) for __2sprintf
    main.o(i.main) refers to f2d.o(x$fpl$f2d) for __aeabi_f2d
    main.o(i.main) refers to systick.o(i.delayMs) for delayMs
    main.o(i.main) refers to main.o(.data) for resetStep
    main.o(i.main) refers to main.o(.bss) for buffer
    systick.o(i.SysTick_Handler) refers to systick.o(.data) for msTicks
    systick.o(i.delayMs) refers to systick.o(i.getMs) for getMs
    systick.o(i.delayMs) refers to systick.o(.data) for msTicks
    systick.o(i.delayUs) refers to systick.o(i.getUs) for getUs
    systick.o(i.delayUs) refers to systick.o(.data) for msTicks
    systick.o(i.getLedTicks) refers to systick.o(.data) for ledTicks
    systick.o(i.getMs) refers to systick.o(.data) for msTicks
    systick.o(i.getUs) refers to systick.o(i.getMs) for getMs
    systick.o(i.setLedTicks) refers to systick.o(.data) for ledTicks
    lcd1602.o(i.lcdClear) refers to lcd1602.o(i.lcdCmd) for lcdCmd
    lcd1602.o(i.lcdClear) refers to lcd1602.o(i.lcdData) for lcdData
    lcd1602.o(i.lcdCmd) refers to lcd1602.o(i.lcdWrite) for lcdWrite
    lcd1602.o(i.lcdCmd) refers to systick.o(i.delayUs) for delayUs
    lcd1602.o(i.lcdData) refers to lcd1602.o(i.lcdWrite) for lcdWrite
    lcd1602.o(i.lcdData) refers to systick.o(i.delayUs) for delayUs
    lcd1602.o(i.lcdInit) refers to i2c.o(i.i2cInit) for i2cInit
    lcd1602.o(i.lcdInit) refers to systick.o(i.delayMs) for delayMs
    lcd1602.o(i.lcdInit) refers to lcd1602.o(i.lcdWrite) for lcdWrite
    lcd1602.o(i.lcdInit) refers to systick.o(i.delayUs) for delayUs
[...]
    lc_numeric_c.o(locale$$code) refers (Special) to libinit2.o(.ARM.Collect$$libinit$$00000016) for __rt_lib_init_lc_numeric_2
    lc_numeric_c.o(locale$$code) refers to strcmpv7m.o(.text) for strcmp
    lc_numeric_c.o(locale$$code) refers to lc_numeric_c.o(locale$$data) for __lcnum_c_name
    istatus.o(x$fpl$ieeestatus) refers (Special) to usenofp.o(x$fpl$usenofp) for __I$use$fp
    fpclassify.o(i.__ARM_fpclassify) refers (Special) to usenofp.o(x$fpl$usenofp) for __I$use$fp
    libspace.o(.text) refers to libspace.o(.bss) for __libspace_start
    sys_stackheap_outer.o(.text) refers to libspace.o(.text) for __user_perproc_libspace
    sys_stackheap_outer.o(.text) refers to startup_stm32f10x_ld.o(.text) for __user_initial_stackheap
    exit.o(.text) refers to rtexit.o(.ARM.Collect$$rtexit$$00000000) for __rt_exit
    libinit.o(.ARM.Collect$$libinit$$00000000) refers (Special) to libinit2.o(.ARM.Collect$$libinit$$0000002E) for __rt_lib_init_alloca_1
    libinit.o(.ARM.Collect$$libinit$$00000000) refers (Special) to libinit2.o(.ARM.Collect$$libinit$$0000002C) for __rt_lib_init_argv_1
    libinit.o(.ARM.Collect$$libinit$$00000000) refers (Special) to libinit2.o(.ARM.Collect$$libinit$$0000001B) for __rt_lib_init_atexit_1
    libinit.o(.ARM.Collect$$libinit$$00000000) refers (Special) to libinit2.o(.ARM.Collect$$libinit$$00000021) for __rt_lib_init_clock_1
    libinit.o(.ARM.Collect$$libinit$$00000000) refers (Special) to libinit2.o(.ARM.Collect$$libinit$$00000032) for __rt_lib_init_cpp_1
    libinit.o(.ARM.Collect$$libinit$$00000000) refers (Special) to libinit2.o(.ARM.Collect$$libinit$$00000030) for __rt_lib_init_exceptions_1
    libinit.o(.ARM.Collect$$libinit$$00000000) refers (Special) to libinit2.o(.ARM.Collect$$libinit$$00000002) for __rt_lib_init_fp_1
    libinit.o(.ARM.Collect$$libinit$$00000000) refers (Special) to libinit2.o(.ARM.Collect$$libinit$$0000001F) for __rt_lib_init_fp_trap_1
    libinit.o(.ARM.Collect$$libinit$$00000000) refers (Special) to libinit2.o(.ARM.Collect$$libinit$$00000023) for __rt_lib_init_getenv_1
    libinit.o(.ARM.Collect$$libinit$$00000000) refers (Special) to libinit2.o(.ARM.Collect$$libinit$$0000000A) for __rt_lib_init_heap_1
    libinit.o(.ARM.Collect$$libinit$$00000000) refers (Special) to libinit2.o(.ARM.Collect$$libinit$$00000011) for __rt_lib_init_lc_collate_1
    libinit.o(.ARM.Collect$$libinit$$00000000) refers (Special) to libinit2.o(.ARM.Collect$$libinit$$00000013) for __rt_lib_init_lc_ctype_1
    libinit.o(.ARM.Collect$$libinit$$00000000) refers (Special) to libinit2.o(.ARM.Collect$$libinit$$00000015) for __rt_lib_init_lc_monetary_1
    libinit.o(.ARM.Collect$$libinit$$00000000) refers (Special) to libinit2.o(.ARM.Collect$$libinit$$00000017) for __rt_lib_init_lc_numeric_1
    libinit.o(.ARM.Collect$$libinit$$00000000) refers (Special) to libinit2.o(.ARM.Collect$$libinit$$00000019) for __rt_lib_init_lc_time_1
    libinit.o(.ARM.Collect$$libinit$$00000000) refers (Special) to libinit2.o(.ARM.Collect$$libinit$$00000004) for __rt_lib_init_preinit_1
    libinit.o(.ARM.Collect$$libinit$$00000000) refers (Special) to libinit2.o(.ARM.Collect$$libinit$$0000000E) for __rt_lib_init_rand_1
    libinit.o(.ARM.Collect$$libinit$$00000000) refers (Special) to libinit2.o(.ARM.Collect$$libinit$$00000033) for __rt_lib_init_return
    libinit.o(.ARM.Collect$$libinit$$00000000) refers (Special) to libinit2.o(.ARM.Collect$$libinit$$0000001D) for __rt_lib_init_signal_1
    libinit.o(.ARM.Collect$$libinit$$00000000) refers (Special) to libinit2.o(.ARM.Collect$$libinit$$00000025) for __rt_lib_init_stdio_1
    libinit.o(.ARM.Collect$$libinit$$00000000) refers (Special) to libinit2.o(.ARM.Collect$$libinit$$0000000C) for __rt_lib_init_user_alloc_1
    libinit2.o(.ARM.Collect$$libinit$$0000000F) refers (Weak) to rt_locale_intlibspace.o(.text) for __rt_locale
    libinit2.o(.ARM.Collect$$libinit$$00000010) refers to libinit2.o(.ARM.Collect$$libinit$$0000000F) for .ARM.Collect$$libinit$$0000000F
    libinit2.o(.ARM.Collect$$libinit$$00000012) refers to libinit2.o(.ARM.Collect$$libinit$$0000000F) for .ARM.Collect$$libinit$$0000000F
    libinit2.o(.ARM.Collect$$libinit$$00000014) refers to libinit2.o(.ARM.Collect$$libinit$$0000000F) for .ARM.Collect$$libinit$$0000000F
    libinit2.o(.ARM.Collect$$libinit$$00000016) refers to libinit2.o(.ARM.Collect$$libinit$$0000000F) for .ARM.Collect$$libinit$$0000000F
    libinit2.o(.ARM.Collect$$libinit$$00000016) refers (Weak) to lc_numeric_c.o(locale$$code) for _get_lc_numeric
    libinit2.o(.ARM.Collect$$libinit$$00000018) refers to libinit2.o(.ARM.Collect$$libinit$$0000000F) for .ARM.Collect$$libinit$$0000000F
    libinit2.o(.ARM.Collect$$libinit$$00000026) refers to argv_veneer.o(.emb_text) for __ARM_argv_veneer
    libinit2.o(.ARM.Collect$$libinit$$00000027) refers to argv_veneer.o(.emb_text) for __ARM_argv_veneer
    rtexit.o(.ARM.Collect$$rtexit$$00000000) refers (Special) to rtexit2.o(.ARM.Collect$$rtexit$$00000004) for __rt_exit_exit
    rtexit.o(.ARM.Collect$$rtexit$$00000000) refers (Special) to rtexit2.o(.ARM.Collect$$rtexit$$00000003) for __rt_exit_ls
    rtexit.o(.ARM.Collect$$rtexit$$00000000) refers (Special) to rtexit2.o(.ARM.Collect$$rtexit$$00000002) for __rt_exit_prels_1
    rtexit.o(.ARM.exidx) refers (Special) to rtexit2.o(.ARM.Collect$$rtexit$$00000004) for __rt_exit_exit
    rtexit.o(.ARM.exidx) refers (Special) to rtexit2.o(.ARM.Collect$$rtexit$$00000003) for __rt_exit_ls
    rtexit.o(.ARM.exidx) refers (Special) to rtexit2.o(.ARM.Collect$$rtexit$$00000002) for __rt_exit_prels_1
    rtexit.o(.ARM.exidx) refers to rtexit.o(.ARM.Collect$$rtexit$$00000000) for .ARM.Collect$$rtexit$$00000000
    argv_veneer.o(.emb_text) refers to no_argv.o(.text) for __ARM_get_argv
    rtexit2.o(.ARM.Collect$$rtexit$$00000003) refers to libshutdown.o(.ARM.Collect$$libshutdown$$00000000) for __rt_lib_shutdown
    rtexit2.o(.ARM.Collect$$rtexit$$00000004) refers to sys_exit.o(.text) for _sys_exit
    rtexit2.o(.ARM.exidx) refers to rtexit2.o(.ARM.Collect$$rtexit$$00000001) for .ARM.Collect$$rtexit$$00000001
    rtexit2.o(.ARM.exidx) refers to rtexit2.o(.ARM.Collect$$rtexit$$00000003) for .ARM.Collect$$rtexit$$00000003
    rtexit2.o(.ARM.exidx) refers to rtexit2.o(.ARM.Collect$$rtexit$$00000004) for .ARM.Collect$$rtexit$$00000004
    _get_argv_nomalloc.o(.text) refers (Special) to hrguard.o(.text) for __heap_region$guard
    _get_argv_nomalloc.o(.text) refers to defsig_rtmem_outer.o(.text) for __rt_SIGRTMEM
    _get_argv_nomalloc.o(.text) refers to sys_command.o(.text) for _sys_command_string
    sys_command.o(.text) refers (Special) to use_no_semi.o(.text) for __I$use$semihosting
    sys_command.o(.text) refers (Special) to indicate_semi.o(.text) for __semihosting_library_function
    sys_exit.o(.text) refers (Special) to use_no_semi.o(.text) for __I$use$semihosting
    sys_exit.o(.text) refers (Special) to indicate_semi.o(.text) for __semihosting_library_function
    defsig_rtmem_outer.o(.text) refers to defsig_rtmem_inner.o(.text) for __rt_SIGRTMEM_inner
    defsig_rtmem_outer.o(.text) refers to defsig_exit.o(.text) for __sig_exit
    defsig_rtmem_formal.o(.text) refers to rt_raise.o(.text) for __rt_raise
    libshutdown.o(.ARM.Collect$$libshutdown$$00000000) refers (Special) to libshutdown2.o(.ARM.Collect$$libshutdown$$00000002) for __rt_lib_shutdown_cpp_1
    libshutdown.o(.ARM.Collect$$libshutdown$$00000000) refers (Special) to libshutdown2.o(.ARM.Collect$$libshutdown$$00000007) for __rt_lib_shutdown_fp_trap_1
    libshutdown.o(.ARM.Collect$$libshutdown$$00000000) refers (Special) to libshutdown2.o(.ARM.Collect$$libshutdown$$0000000F) for __rt_lib_shutdown_heap_1
    libshutdown.o(.ARM.Collect$$libshutdown$$00000000) refers (Special) to libshutdown2.o(.ARM.Collect$$libshutdown$$00000010) for __rt_lib_shutdown_return
    libshutdown.o(.ARM.Collect$$libshutdown$$00000000) refers (Special) to libshutdown2.o(.ARM.Collect$$libshutdown$$0000000A) for __rt_lib_shutdown_signal_1
    libshutdown.o(.ARM.Collect$$libshutdown$$00000000) refers (Special) to libshutdown2.o(.ARM.Collect$$libshutdown$$00000004) for __rt_lib_shutdown_stdio_1
    libshutdown.o(.ARM.Collect$$libshutdown$$00000000) refers (Special) to libshutdown2.o(.ARM.Collect$$libshutdown$$0000000C) for __rt_lib_shutdown_user_alloc_1
    rt_raise.o(.text) refers to __raise.o(.text) for __raise
    rt_raise.o(.text) refers to sys_exit.o(.text) for _sys_exit
    defsig_exit.o(.text) refers to sys_exit.o(.text) for _sys_exit
    defsig_rtmem_inner.o(.text) refers to defsig_general.o(.text) for __default_signal_display
    __raise.o(.text) refers to defsig.o(CL$$defsig) for __default_signal_handler
    defsig_general.o(.text) refers to sys_wrch.o(.text) for _ttywrch
    sys_wrch.o(.text) refers (Special) to use_no_semi.o(.text) for __I$use$semihosting
    sys_wrch.o(.text) refers (Special) to indicate_semi.o(.text) for __semihosting_library_function
    defsig.o(CL$$defsig) refers to defsig_rtmem_inner.o(.text) for __rt_SIGRTMEM_inner
    defsig_abrt_inner.o(.text) refers to defsig_general.o(.text) for __default_signal_display
    defsig_fpe_inner.o(.text) refers to defsig_general.o(.text) for __default_signal_display
    defsig_rtred_inner.o(.text) refers to defsig_general.o(.text) for __default_signal_display
    defsig_stak_inner.o(.text) refers to defsig_general.o(.text) for __default_signal_display
    defsig_pvfn_inner.o(.text) refers to defsig_general.o(.text) for __default_signal_display
    defsig_cppl_inner.o(.text) refers to defsig_general.o(.text) for __default_signal_display
    defsig_segv_inner.o(.text) refers to defsig_general.o(.text) for __default_signal_display
    defsig_other.o(.text) refers to defsig_general.o(.text) for __default_signal_display


==============================================================================

Removing Unused input sections from the image.

    Removing main.o(.rev16_text), (4 bytes).
    Removing main.o(.revsh_text), (4 bytes).
    Removing main.o(.rrx_text), (6 bytes).
    Removing main.o(i.calibrate), (196 bytes).
    Removing systick.o(.rev16_text), (4 bytes).
    Removing systick.o(.revsh_text), (4 bytes).
    Removing systick.o(.rrx_text), (6 bytes).
    Removing timer.o(.rev16_text), (4 bytes).
    Removing timer.o(.revsh_text), (4 bytes).
    Removing timer.o(.rrx_text), (6 bytes).
    Removing timer.o(i.DelayMs), (36 bytes).
    Removing timer.o(i.DelayUs), (22 bytes).
    Removing timer.o(i.TIM2Config), (56 bytes).
    Removing timer.o(i.TIM2IRTConfig), (164 bytes).
    Removing lcd1602.o(.rev16_text), (4 bytes).
    Removing lcd1602.o(.revsh_text), (4 bytes).
    Removing lcd1602.o(.rrx_text), (6 bytes).
    Removing mpu6050.o(.rev16_text), (4 bytes).
    Removing mpu6050.o(.revsh_text), (4 bytes).
    Removing mpu6050.o(.rrx_text), (6 bytes).
    Removing i2c.o(.rev16_text), (4 bytes).
    Removing i2c.o(.revsh_text), (4 bytes).
    Removing i2c.o(.rrx_text), (6 bytes).
    Removing system_stm32f10x.o(.rev16_text), (4 bytes).
    Removing system_stm32f10x.o(.revsh_text), (4 bytes).
    Removing system_stm32f10x.o(.rrx_text), (6 bytes).
    Removing system_stm32f10x.o(i.SystemCoreClockUpdate), (164 bytes).
    Removing system_stm32f10x.o(.data), (20 bytes).

28 unused section(s) (total 756 bytes) removed from the image.

==============================================================================

Image Symbol Table

    Local Symbols

    Symbol Name                              Value     Ov Type        Size  Object(Section)

    ../clib/angel/boardlib.s                 0x00000000   Number         0  boardshut.o ABSOLUTE
    ../clib/angel/boardlib.s                 0x00000000   Number         0  boardinit2.o ABSOLUTE
    ../clib/angel/boardlib.s                 0x00000000   Number         0  boardinit3.o ABSOLUTE
    ../clib/angel/boardlib.s                 0x00000000   Number         0  boardinit1.o ABSOLUTE
    ../clib/angel/handlers.s                 0x00000000   Number         0  __scatter_zi.o ABSOLUTE
    ../clib/angel/handlers.s                 0x00000000   Number         0  __scatter_copy.o ABSOLUTE
    ../clib/angel/kernel.s                   0x00000000   Number         0  rtexit.o ABSOLUTE
    ../clib/angel/kernel.s                   0x00000000   Number         0  __rtentry.o ABSOLUTE
    ../clib/angel/kernel.s                   0x00000000   Number         0  rtexit2.o ABSOLUTE
    ../clib/angel/kernel.s                   0x00000000   Number         0  __rtentry4.o ABSOLUTE
    ../clib/angel/kernel.s                   0x00000000   Number         0  __rtentry2.o ABSOLUTE
    ../clib/angel/rt.s                       0x00000000   Number         0  rt_errno_addr.o ABSOLUTE
    ../clib/angel/rt.s                       0x00000000   Number         0  rt_errno_addr_intlibspace.o ABSOLUTE
    ../clib/angel/rt.s                       0x00000000   Number         0  rt_locale_intlibspace.o ABSOLUTE
    ../clib/angel/rt.s                       0x00000000   Number         0  rt_locale.o ABSOLUTE
    ../clib/angel/rt.s                       0x00000000   Number         0  rt_raise.o ABSOLUTE
    ../clib/angel/scatter.s                  0x00000000   Number         0  __scatter.o ABSOLUTE
    ../clib/angel/startup.s                  0x00000000   Number         0  __main.o ABSOLUTE
    ../clib/angel/sys.s                      0x00000000   Number         0  indicate_semi.o ABSOLUTE
    ../clib/angel/sys.s                      0x00000000   Number         0  use_no_semi.o ABSOLUTE
    ../clib/angel/sys.s                      0x00000000   Number         0  libspace.o ABSOLUTE
    ../clib/angel/sys.s                      0x00000000   Number         0  sys_stackheap_outer.o ABSOLUTE
    ../clib/angel/sysapp.c                   0x00000000   Number         0  sys_command.o ABSOLUTE
    ../clib/angel/sysapp.c                   0x00000000   Number         0  sys_wrch.o ABSOLUTE
    ../clib/angel/sysapp.c                   0x00000000   Number         0  sys_exit.o ABSOLUTE
    ../clib/armsys.c                         0x00000000   Number         0  argv_veneer.o ABSOLUTE
    ../clib/armsys.c                         0x00000000   Number         0  _get_argv_nomalloc.o ABSOLUTE
    ../clib/armsys.c                         0x00000000   Number         0  argv_veneer.o ABSOLUTE
    ../clib/armsys.c                         0x00000000   Number         0  no_argv.o ABSOLUTE
    ../clib/bigflt.c                         0x00000000   Number         0  bigflt0.o ABSOLUTE
    ../clib/btod.s                           0x00000000   Number         0  btod.o ABSOLUTE
    ../clib/fenv.c                           0x00000000   Number         0  _rserrno.o ABSOLUTE
    ../clib/heapalloc.c                      0x00000000   Number         0  hrguard.o ABSOLUTE
    ../clib/heapaux.c                        0x00000000   Number         0  heapauxi.o ABSOLUTE
    ../clib/libinit.s                        0x00000000   Number         0  libshutdown2.o ABSOLUTE
    ../clib/libinit.s                        0x00000000   Number         0  libshutdown.o ABSOLUTE
    ../clib/libinit.s                        0x00000000   Number         0  libinit2.o ABSOLUTE
    ../clib/libinit.s                        0x00000000   Number         0  libinit.o ABSOLUTE
    ../clib/locale.s                         0x00000000   Number         0  lc_numeric_c.o ABSOLUTE
    ../clib/longlong.s                       0x00000000   Number         0  lludiv10.o ABSOLUTE
    ../clib/memcpset.s                       0x00000000   Number         0  strcmpv7m.o ABSOLUTE
    ../clib/misc.s                           0x00000000   Number         0  printf_stubs.o ABSOLUTE
    ../clib/printf.c                         0x00000000   Number         0  _printf_char_common.o ABSOLUTE
    ../clib/printf.c                         0x00000000   Number         0  _sputc.o ABSOLUTE
    ../clib/printf.c                         0x00000000   Number         0  _printf_dec.o ABSOLUTE
    ../clib/printf.c                         0x00000000   Number         0  __printf_wp.o ABSOLUTE
    ../clib/printf.c                         0x00000000   Number         0  __printf_ss_wp.o ABSOLUTE
    ../clib/printf.c                         0x00000000   Number         0  __printf_flags.o ABSOLUTE
    ../clib/printf.c                         0x00000000   Number         0  __printf.o ABSOLUTE
    ../clib/printf.c                         0x00000000   Number         0  __printf_ss.o ABSOLUTE
    ../clib/printf.c                         0x00000000   Number         0  __printf_flags_ss_wp.o ABSOLUTE
    ../clib/printf.c                         0x00000000   Number         0  __printf_flags_wp.o ABSOLUTE
    ../clib/printf.c                         0x00000000   Number         0  __printf_nopercent.o ABSOLUTE
    ../clib/printf.c                         0x00000000   Number         0  _printf_fp_infnan.o ABSOLUTE
    ../clib/printf.c                         0x00000000   Number         0  _printf_intcommon.o ABSOLUTE
    ../clib/printf.c                         0x00000000   Number         0  __2sprintf.o ABSOLUTE
    ../clib/printf.c                         0x00000000   Number         0  noretval__2sprintf.o ABSOLUTE
    ../clib/printf.c                         0x00000000   Number         0  _printf_fp_dec.o ABSOLUTE
    ../clib/printf.c                         0x00000000   Number         0  __printf_flags_ss.o ABSOLUTE
    ../clib/printf_percent.s                 0x00000000   Number         0  _printf_f.o ABSOLUTE
    ../clib/printf_percent.s                 0x00000000   Number         0  _printf_percent.o ABSOLUTE
    ../clib/printf_percent.s                 0x00000000   Number         0  _printf_d.o ABSOLUTE
    ../clib/printf_percent.s                 0x00000000   Number         0  _printf_percent_end.o ABSOLUTE
    ../clib/signal.c                         0x00000000   Number         0  defsig_cppl_inner.o ABSOLUTE
    ../clib/signal.c                         0x00000000   Number         0  defsig_segv_inner.o ABSOLUTE
    ../clib/signal.c                         0x00000000   Number         0  defsig_other.o ABSOLUTE
    ../clib/signal.c                         0x00000000   Number         0  defsig_rtmem_formal.o ABSOLUTE
    ../clib/signal.c                         0x00000000   Number         0  defsig_general.o ABSOLUTE
    ../clib/signal.c                         0x00000000   Number         0  defsig_rtmem_inner.o ABSOLUTE
    ../clib/signal.c                         0x00000000   Number         0  defsig_rtmem_outer.o ABSOLUTE
    ../clib/signal.c                         0x00000000   Number         0  defsig_exit.o ABSOLUTE
    ../clib/signal.c                         0x00000000   Number         0  defsig_rtred_inner.o ABSOLUTE
    ../clib/signal.c                         0x00000000   Number         0  defsig_stak_inner.o ABSOLUTE
    ../clib/signal.c                         0x00000000   Number         0  defsig_pvfn_inner.o ABSOLUTE
    ../clib/signal.c                         0x00000000   Number         0  __raise.o ABSOLUTE
    ../clib/signal.c                         0x00000000   Number         0  defsig_fpe_inner.o ABSOLUTE
    ../clib/signal.c                         0x00000000   Number         0  defsig_abrt_inner.o ABSOLUTE
    ../clib/signal.s                         0x00000000   Number         0  defsig.o ABSOLUTE
    ../clib/stdlib.c                         0x00000000   Number         0  exit.o ABSOLUTE
    ../fplib/d2f.s                           0x00000000   Number         0  d2f.o ABSOLUTE
    ../fplib/dcmpi.s                         0x00000000   Number         0  dcmpi.o ABSOLUTE
    ../fplib/ddiv.s                          0x00000000   Number         0  ddiv.o ABSOLUTE
    ../fplib/dflt.s                          0x00000000   Number         0  dflt_clz.o ABSOLUTE
    ../fplib/dleqf.s                         0x00000000   Number         0  dleqf.o ABSOLUTE
    ../fplib/dnaninf.s                       0x00000000   Number         0  dnaninf.o ABSOLUTE
    ../fplib/dretinf.s                       0x00000000   Number         0  dretinf.o ABSOLUTE
    ../fplib/drleqf.s                        0x00000000   Number         0  drleqf.o ABSOLUTE
    ../fplib/dsqrt.s                         0x00000000   Number         0  dsqrt_noumaal.o ABSOLUTE
    ../fplib/f2d.s                           0x00000000   Number         0  f2d.o ABSOLUTE
    ../fplib/faddsub.s                       0x00000000   Number         0  faddsub_clz.o ABSOLUTE
    ../fplib/fdiv.s                          0x00000000   Number         0  fdiv.o ABSOLUTE
    ../fplib/fmul.s                          0x00000000   Number         0  fmul.o ABSOLUTE
    ../fplib/fnaninf.s                       0x00000000   Number         0  fnaninf.o ABSOLUTE
    ../fplib/fpinit.s                        0x00000000   Number         0  fpinit.o ABSOLUTE
    ../fplib/fretinf.s                       0x00000000   Number         0  fretinf.o ABSOLUTE
    ../fplib/istatus.s                       0x00000000   Number         0  istatus.o ABSOLUTE
    ../fplib/printf1.s                       0x00000000   Number         0  printf1.o ABSOLUTE
    ../fplib/usenofp.s                       0x00000000   Number         0  usenofp.o ABSOLUTE
    ../mathlib/fpclassify.c                  0x00000000   Number         0  fpclassify.o ABSOLUTE
    ../mathlib/sqrt.c                        0x00000000   Number         0  sqrt_x.o ABSOLUTE
    ../mathlib/sqrt.c                        0x00000000   Number         0  sqrt.o ABSOLUTE
    I2C.c                                    0x00000000   Number         0  i2c.o ABSOLUTE
    I2C.c                                    0x00000000   Number         0  i2c.o ABSOLUTE
    LCD1602.c                                0x00000000   Number         0  lcd1602.o ABSOLUTE
    LCD1602.c                                0x00000000   Number         0  lcd1602.o ABSOLUTE
    MPU6050.c                                0x00000000   Number         0  mpu6050.o ABSOLUTE
    MPU6050.c                                0x00000000   Number         0  mpu6050.o ABSOLUTE
    RTE\Device\STM32F103C6\startup_stm32f10x_ld.s 0x00000000   Number         0  startup_stm32f10x_ld.o ABSOLUTE
    RTE\Device\STM32F103C6\system_stm32f10x.c 0x00000000   Number         0  system_stm32f10x.o ABSOLUTE
    RTE\\Device\\STM32F103C6\\system_stm32f10x.c 0x00000000   Number         0  system_stm32f10x.o ABSOLUTE
    SysTick.c                                0x00000000   Number         0  systick.o ABSOLUTE
    SysTick.c                                0x00000000   Number         0  systick.o ABSOLUTE
    Timer.c                                  0x00000000   Number         0  timer.o ABSOLUTE
    Timer.c                                  0x00000000   Number         0  timer.o ABSOLUTE
    dc.s                                     0x00000000   Number         0  dc.o ABSOLUTE
    main.c                                   0x00000000   Number         0  main.o ABSOLUTE
    main.c                                   0x00000000   Number         0  main.o ABSOLUTE
    RESET                                    0x08000000   Section      236  startup_stm32f10x_ld.o(RESET)
    !!!main                                  0x080000ec   Section        8  __main.o(!!!main)
    !!!scatter                               0x080000f4   Section       52  __scatter.o(!!!scatter)
    !!handler_copy                           0x08000128   Section       26  __scatter_copy.o(!!handler_copy)
    !!handler_zi                             0x08000144   Section       28  __scatter_zi.o(!!handler_zi)
    .ARM.Collect$$_printf_percent$$00000000  0x08000160   Section        0  _printf_percent.o(.ARM.Collect$$_printf_percent$$00000000)
    .ARM.Collect$$_printf_percent$$00000003  0x08000160   Section        6  _printf_f.o(.ARM.Collect$$_printf_percent$$00000003)
    .ARM.Collect$$_printf_percent$$00000009  0x08000166   Section        6  _printf_d.o(.ARM.Collect$$_printf_percent$$00000009)
    .ARM.Collect$$_printf_percent$$00000017  0x0800016c   Section        4  _printf_percent_end.o(.ARM.Collect$$_printf_percent$$00000017)
    .ARM.Collect$$libinit$$00000000          0x08000170   Section        2  libinit.o(.ARM.Collect$$libinit$$00000000)
    .ARM.Collect$$libinit$$00000002          0x08000172   Section        0  libinit2.o(.ARM.Collect$$libinit$$00000002)
    .ARM.Collect$$libinit$$00000004          0x08000172   Section        0  libinit2.o(.ARM.Collect$$libinit$$00000004)
    .ARM.Collect$$libinit$$0000000A          0x08000172   Section        0  libinit2.o(.ARM.Collect$$libinit$$0000000A)
    .ARM.Collect$$libinit$$0000000C          0x08000172   Section        0  libinit2.o(.ARM.Collect$$libinit$$0000000C)
    .ARM.Collect$$libinit$$0000000E          0x08000172   Section        0  libinit2.o(.ARM.Collect$$libinit$$0000000E)
    .ARM.Collect$$libinit$$0000000F          0x08000172   Section        6  libinit2.o(.ARM.Collect$$libinit$$0000000F)
    .ARM.Collect$$libinit$$00000011          0x08000178   Section        0  libinit2.o(.ARM.Collect$$libinit$$00000011)
    .ARM.Collect$$libinit$$00000013          0x08000178   Section        0  libinit2.o(.ARM.Collect$$libinit$$00000013)
    .ARM.Collect$$libinit$$00000015          0x08000178   Section        0  libinit2.o(.ARM.Collect$$libinit$$00000015)
    .ARM.Collect$$libinit$$00000016          0x08000178   Section       10  libinit2.o(.ARM.Collect$$libinit$$00000016)
    .ARM.Collect$$libinit$$00000017          0x08000182   Section        0  libinit2.o(.ARM.Collect$$libinit$$00000017)
    .ARM.Collect$$libinit$$00000019          0x08000182   Section        0  libinit2.o(.ARM.Collect$$libinit$$00000019)
    .ARM.Collect$$libinit$$0000001B          0x08000182   Section        0  libinit2.o(.ARM.Collect$$libinit$$0000001B)
    .ARM.Collect$$libinit$$0000001D          0x08000182   Section        0  libinit2.o(.ARM.Collect$$libinit$$0000001D)
    .ARM.Collect$$libinit$$0000001F          0x08000182   Section        0  libinit2.o(.ARM.Collect$$libinit$$0000001F)
    .ARM.Collect$$libinit$$00000021          0x08000182   Section        0  libinit2.o(.ARM.Collect$$libinit$$00000021)
    .ARM.Collect$$libinit$$00000023          0x08000182   Section        0  libinit2.o(.ARM.Collect$$libinit$$00000023)
    .ARM.Collect$$libinit$$00000025          0x08000182   Section        0  libinit2.o(.ARM.Collect$$libinit$$00000025)
    .ARM.Collect$$libinit$$0000002C          0x08000182   Section        0  libinit2.o(.ARM.Collect$$libinit$$0000002C)
    .ARM.Collect$$libinit$$0000002E          0x08000182   Section        0  libinit2.o(.ARM.Collect$$libinit$$0000002E)
    .ARM.Collect$$libinit$$00000030          0x08000182   Section        0  libinit2.o(.ARM.Collect$$libinit$$00000030)
    .ARM.Collect$$libinit$$00000032          0x08000182   Section        0  libinit2.o(.ARM.Collect$$libinit$$00000032)
    .ARM.Collect$$libinit$$00000033          0x08000182   Section        2  libinit2.o(.ARM.Collect$$libinit$$00000033)
    .ARM.Collect$$libshutdown$$00000000      0x08000184   Section        2  libshutdown.o(.ARM.Collect$$libshutdown$$00000000)
    .ARM.Collect$$libshutdown$$00000002      0x08000186   Section        0  libshutdown2.o(.ARM.Collect$$libshutdown$$00000002)
    .ARM.Collect$$libshutdown$$00000004      0x08000186   Section        0  libshutdown2.o(.ARM.Collect$$libshutdown$$00000004)
    .ARM.Collect$$libshutdown$$00000007      0x08000186   Section        0  libshutdown2.o(.ARM.Collect$$libshutdown$$00000007)
    .ARM.Collect$$libshutdown$$0000000A      0x08000186   Section        0  libshutdown2.o(.ARM.Collect$$libshutdown$$0000000A)
    .ARM.Collect$$libshutdown$$0000000C      0x08000186   Section        0  libshutdown2.o(.ARM.Collect$$libshutdown$$0000000C)
    .ARM.Collect$$libshutdown$$0000000F      0x08000186   Section        0  libshutdown2.o(.ARM.Collect$$libshutdown$$0000000F)
    .ARM.Collect$$libshutdown$$00000010      0x08000186   Section        2  libshutdown2.o(.ARM.Collect$$libshutdown$$00000010)
    .ARM.Collect$$rtentry$$00000000          0x08000188   Section        0  __rtentry.o(.ARM.Collect$$rtentry$$00000000)
    .ARM.Collect$$rtentry$$00000002          0x08000188   Section        0  __rtentry2.o(.ARM.Collect$$rtentry$$00000002)
    .ARM.Collect$$rtentry$$00000004          0x08000188   Section        6  __rtentry4.o(.ARM.Collect$$rtentry$$00000004)
    .ARM.Collect$$rtentry$$00000009          0x0800018e   Section        0  __rtentry2.o(.ARM.Collect$$rtentry$$00000009)
    .ARM.Collect$$rtentry$$0000000A          0x0800018e   Section        4  __rtentry2.o(.ARM.Collect$$rtentry$$0000000A)
    .ARM.Collect$$rtentry$$0000000C          0x08000192   Section        0  __rtentry2.o(.ARM.Collect$$rtentry$$0000000C)
    .ARM.Collect$$rtentry$$0000000D          0x08000192   Section        8  __rtentry2.o(.ARM.Collect$$rtentry$$0000000D)
    .ARM.Collect$$rtexit$$00000000           0x0800019a   Section        2  rtexit.o(.ARM.Collect$$rtexit$$00000000)
    .ARM.Collect$$rtexit$$00000002           0x0800019c   Section        0  rtexit2.o(.ARM.Collect$$rtexit$$00000002)
    .ARM.Collect$$rtexit$$00000003           0x0800019c   Section        4  rtexit2.o(.ARM.Collect$$rtexit$$00000003)
    .ARM.Collect$$rtexit$$00000004           0x080001a0   Section        6  rtexit2.o(.ARM.Collect$$rtexit$$00000004)
    .text                                    0x080001a8   Section       64  startup_stm32f10x_ld.o(.text)
    .text                                    0x080001e8   Section        0  noretval__2sprintf.o(.text)
    .text                                    0x08000210   Section        0  _printf_dec.o(.text)
    .text                                    0x08000288   Section        0  __printf_wp.o(.text)
    .text                                    0x08000396   Section        0  heapauxi.o(.text)
    .text                                    0x0800039c   Section        0  _rserrno.o(.text)
    .text                                    0x080003b2   Section        0  _printf_intcommon.o(.text)
    .text                                    0x08000464   Section        0  _printf_fp_dec.o(.text)
    _fp_digits                               0x08000467   Thumb Code   432  _printf_fp_dec.o(.text)
    .text                                    0x08000884   Section        0  _printf_char_common.o(.text)
    _printf_input_char                       0x08000885   Thumb Code    10  _printf_char_common.o(.text)
    .text                                    0x080008b4   Section        0  _sputc.o(.text)
    .text                                    0x080008c0   Section        8  rt_locale_intlibspace.o(.text)
    .text                                    0x080008c8   Section        8  rt_errno_addr_intlibspace.o(.text)
    .text                                    0x080008d0   Section      138  lludiv10.o(.text)
    .text                                    0x0800095c   Section        0  _printf_fp_infnan.o(.text)
    .text                                    0x080009dc   Section        0  bigflt0.o(.text)
    .text                                    0x08000ac0   Section        8  libspace.o(.text)
    .text                                    0x08000ac8   Section       74  sys_stackheap_outer.o(.text)
    .text                                    0x08000b12   Section        0  exit.o(.text)
    .text                                    0x08000b24   Section      128  strcmpv7m.o(.text)
    .text                                    0x08000ba4   Section        0  sys_exit.o(.text)
    .text                                    0x08000bb0   Section        2  use_no_semi.o(.text)
    .text                                    0x08000bb2   Section        0  indicate_semi.o(.text)
    CL$$btod_d2e                             0x08000bb2   Section       62  btod.o(CL$$btod_d2e)
    CL$$btod_d2e_denorm_low                  0x08000bf0   Section       70  btod.o(CL$$btod_d2e_denorm_low)
    CL$$btod_d2e_norm_op1                    0x08000c36   Section       96  btod.o(CL$$btod_d2e_norm_op1)
    CL$$btod_div_common                      0x08000c96   Section      824  btod.o(CL$$btod_div_common)
    CL$$btod_e2e                             0x08000fce   Section      220  btod.o(CL$$btod_e2e)
    CL$$btod_ediv                            0x080010aa   Section       42  btod.o(CL$$btod_ediv)
    CL$$btod_emul                            0x080010d4   Section       42  btod.o(CL$$btod_emul)
    CL$$btod_mult_common                     0x080010fe   Section      580  btod.o(CL$$btod_mult_common)
    i.EXTI0_IRQHandler                       0x08001344   Section        0  main.o(i.EXTI0_IRQHandler)
    i.EXTI1_IRQHandler                       0x080013b0   Section        0  main.o(i.EXTI1_IRQHandler)
    i.SetSysClock                            0x080013d8   Section        0  system_stm32f10x.o(i.SetSysClock)
    SetSysClock                              0x080013d9   Thumb Code     8  system_stm32f10x.o(i.SetSysClock)
    i.SetSysClockTo72                        0x080013e0   Section        0  system_stm32f10x.o(i.SetSysClockTo72)
    SetSysClockTo72                          0x080013e1   Thumb Code   214  system_stm32f10x.o(i.SetSysClockTo72)
    i.SysTickInit                            0x080014c0   Section        0  systick.o(i.SysTickInit)
    i.SysTick_Handler                        0x080014dc   Section        0  systick.o(i.SysTick_Handler)
    i.SystemInit                             0x080014fc   Section        0  system_stm32f10x.o(i.SystemInit)
    i.__ARM_fpclassify                       0x0800155c   Section        0  fpclassify.o(i.__ARM_fpclassify)
    i.__NVIC_EnableIRQ                       0x08001584   Section        0  main.o(i.__NVIC_EnableIRQ)
    __NVIC_EnableIRQ                         0x08001585   Thumb Code    34  main.o(i.__NVIC_EnableIRQ)
    i.__NVIC_SetPriority                     0x080015a8   Section        0  main.o(i.__NVIC_SetPriority)
    __NVIC_SetPriority                       0x080015a9   Thumb Code    32  main.o(i.__NVIC_SetPriority)
    i._is_digit                              0x080015d0   Section        0  __printf_wp.o(i._is_digit)
    i.blinkLedGreen                          0x080015e0   Section        0  main.o(i.blinkLedGreen)
    i.counterStep                            0x08001610   Section        0  main.o(i.counterStep)
    i.delayMs                                0x080016fc   Section        0  systick.o(i.delayMs)
    i.delayUs                                0x0800171c   Section        0  systick.o(i.delayUs)
    i.displayLoading                         0x0800173c   Section        0  main.o(i.displayLoading)
    i.getLedTicks                            0x08001794   Section        0  systick.o(i.getLedTicks)
    i.getMs                                  0x080017a0   Section        0  systick.o(i.getMs)
    i.getUs                                  0x080017ac   Section        0  systick.o(i.getUs)
    i.i2cAddress                             0x080017d4   Section        0  i2c.o(i.i2cAddress)
    i.i2cInit                                0x08001820   Section        0  i2c.o(i.i2cInit)
    i.i2cRead                                0x080018a4   Section        0  i2c.o(i.i2cRead)
    i.i2cStart                               0x080019b4   Section        0  i2c.o(i.i2cStart)
    i.i2cStop                                0x080019e0   Section        0  i2c.o(i.i2cStop)
    i.i2cWrite                               0x08001a08   Section        0  i2c.o(i.i2cWrite)
    i.init                                   0x08001a30   Section        0  main.o(i.init)
    i.lcdClear                               0x08001b64   Section        0  lcd1602.o(i.lcdClear)
    i.lcdCmd                                 0x08001b94   Section        0  lcd1602.o(i.lcdCmd)
    i.lcdData                                0x08001c04   Section        0  lcd1602.o(i.lcdData)
    i.lcdInit                                0x08001c74   Section        0  lcd1602.o(i.lcdInit)
    i.lcdMessage                             0x08001d6c   Section        0  lcd1602.o(i.lcdMessage)
    i.lcdSend                                0x08001d9e   Section        0  lcd1602.o(i.lcdSend)
    i.lcdWrite                               0x08001dbc   Section        0  lcd1602.o(i.lcdWrite)
    i.main                                   0x08001dd8   Section        0  main.o(i.main)
    i.mpu6050Init                            0x08001f28   Section        0  mpu6050.o(i.mpu6050Init)
    i.mpu6050ReadAccel                       0x08001f64   Section        0  mpu6050.o(i.mpu6050ReadAccel)
    i.mpuRead                                0x08002020   Section        0  mpu6050.o(i.mpuRead)
    i.mpuWrite                               0x08002054   Section        0  mpu6050.o(i.mpuWrite)
    i.setLedTicks                            0x08002078   Section        0  systick.o(i.setLedTicks)
    i.sqrt                                   0x08002084   Section        0  sqrt.o(i.sqrt)
    locale$$code                             0x080020d0   Section       44  lc_numeric_c.o(locale$$code)
    x$fpl$d2f                                0x080020fc   Section       98  d2f.o(x$fpl$d2f)
    x$fpl$dcmpinf                            0x0800215e   Section       24  dcmpi.o(x$fpl$dcmpinf)
    x$fpl$ddiv                               0x08002178   Section      688  ddiv.o(x$fpl$ddiv)
    ddiv_entry                               0x0800217f   Thumb Code     0  ddiv.o(x$fpl$ddiv)
    x$fpl$dflt                               0x08002428   Section       46  dflt_clz.o(x$fpl$dflt)
    x$fpl$dleqf                              0x08002458   Section      120  dleqf.o(x$fpl$dleqf)
    x$fpl$dnaninf                            0x080024d0   Section      156  dnaninf.o(x$fpl$dnaninf)
    x$fpl$dretinf                            0x0800256c   Section       12  dretinf.o(x$fpl$dretinf)
    x$fpl$drleqf                             0x08002578   Section      108  drleqf.o(x$fpl$drleqf)
    x$fpl$dsqrt                              0x080025e4   Section      460  dsqrt_noumaal.o(x$fpl$dsqrt)
    x$fpl$f2d                                0x080027b0   Section       86  f2d.o(x$fpl$f2d)
    x$fpl$fadd                               0x08002808   Section      196  faddsub_clz.o(x$fpl$fadd)
    _fadd1                                   0x08002817   Thumb Code     0  faddsub_clz.o(x$fpl$fadd)
    x$fpl$fdiv                               0x080028cc   Section      388  fdiv.o(x$fpl$fdiv)
    _fdiv1                                   0x080028cd   Thumb Code     0  fdiv.o(x$fpl$fdiv)
    x$fpl$fmul                               0x08002a50   Section      258  fmul.o(x$fpl$fmul)
    x$fpl$fnaninf                            0x08002b52   Section      140  fnaninf.o(x$fpl$fnaninf)
    x$fpl$fretinf                            0x08002bde   Section       10  fretinf.o(x$fpl$fretinf)
    x$fpl$fsub                               0x08002be8   Section      234  faddsub_clz.o(x$fpl$fsub)
    _fsub1                                   0x08002bf7   Thumb Code     0  faddsub_clz.o(x$fpl$fsub)
    x$fpl$printf1                            0x08002cd2   Section        4  printf1.o(x$fpl$printf1)
    x$fpl$usenofp                            0x08002cd6   Section        0  usenofp.o(x$fpl$usenofp)
    .constdata                               0x08002cd8   Section      148  bigflt0.o(.constdata)
    tenpwrs_x                                0x08002cd8   Data          60  bigflt0.o(.constdata)
    tenpwrs_i                                0x08002d14   Data          64  bigflt0.o(.constdata)
    locale$$data                             0x08002d8c   Section       28  lc_numeric_c.o(locale$$data)
    __lcnum_c_name                           0x08002d90   Data           2  lc_numeric_c.o(locale$$data)
    __lcnum_c_start                          0x08002d98   Data           0  lc_numeric_c.o(locale$$data)
    __lcnum_c_point                          0x08002da4   Data           0  lc_numeric_c.o(locale$$data)
    __lcnum_c_thousands                      0x08002da6   Data           0  lc_numeric_c.o(locale$$data)
    __lcnum_c_grouping                       0x08002da7   Data           0  lc_numeric_c.o(locale$$data)
    __lcnum_c_end                            0x08002da8   Data           0  lc_numeric_c.o(locale$$data)
    .data                                    0x20000000   Section       64  main.o(.data)
    .data                                    0x20000040   Section        8  systick.o(.data)
    .data                                    0x20000048   Section        6  mpu6050.o(.data)
    .bss                                     0x20000050   Section     1232  main.o(.bss)
    .bss                                     0x20000520   Section       96  libspace.o(.bss)
    HEAP                                     0x20000580   Section      512  startup_stm32f10x_ld.o(HEAP)
    Heap_Mem                                 0x20000580   Data         512  startup_stm32f10x_ld.o(HEAP)
    STACK                                    0x20000780   Section     1024  startup_stm32f10x_ld.o(STACK)
    Stack_Mem                                0x20000780   Data        1024  startup_stm32f10x_ld.o(STACK)
    __initial_sp                             0x20000b80   Data           0  startup_stm32f10x_ld.o(STACK)

    Global Symbols

    Symbol Name                              Value     Ov Type        Size  Object(Section)

    BuildAttributes$$THM_ISAv4$P$D$K$B$S$PE$A:L22UL41UL21$X:L11$S22US41US21$IEEE1$IW$USESV6$~STKCKD$USESV7$~SHL$OTIME$ROPI$IEEEJ$EBA8$UX$STANDARDLIB$REQ8$PRES8$EABIv2 0x00000000   Number         0  anon$$obj.o ABSOLUTE
    __ARM_use_no_argv                        0x00000000   Number         0  main.o ABSOLUTE
    _printf_flags                            0x00000000   Number         0  printf_stubs.o ABSOLUTE
    _printf_return_value                     0x00000000   Number         0  printf_stubs.o ABSOLUTE
    _printf_sizespec                         0x00000000   Number         0  printf_stubs.o ABSOLUTE
    _printf_widthprec                        0x00000000   Number         0  printf_stubs.o ABSOLUTE
    __ARM_exceptions_init                     - Undefined Weak Reference
    __alloca_initialize                       - Undefined Weak Reference
    __arm_preinit_                            - Undefined Weak Reference
    __cpp_initialize__aeabi_                  - Undefined Weak Reference
    __cxa_finalize                            - Undefined Weak Reference
    __sigvec_lookup                           - Undefined Weak Reference
    _atexit_init                              - Undefined Weak Reference
    _call_atexit_fns                          - Undefined Weak Reference
    _clock_init                               - Undefined Weak Reference
    _fp_trap_init                             - Undefined Weak Reference
    _fp_trap_shutdown                         - Undefined Weak Reference
    _get_lc_collate                           - Undefined Weak Reference
    _get_lc_ctype                             - Undefined Weak Reference
    _get_lc_monetary                          - Undefined Weak Reference
    _get_lc_time                              - Undefined Weak Reference
    _getenv_init                              - Undefined Weak Reference
    _handle_redirection                       - Undefined Weak Reference
    _init_alloc                               - Undefined Weak Reference
    _init_user_alloc                          - Undefined Weak Reference
    _initio                                   - Undefined Weak Reference
    _printf_post_padding                      - Undefined Weak Reference
    _printf_pre_padding                       - Undefined Weak Reference
    _printf_truncate_signed                   - Undefined Weak Reference
    _printf_truncate_unsigned                 - Undefined Weak Reference
    _rand_init                                - Undefined Weak Reference
    _signal_finish                            - Undefined Weak Reference
    _signal_init                              - Undefined Weak Reference
    _terminate_alloc                          - Undefined Weak Reference
    _terminate_user_alloc                     - Undefined Weak Reference
    _terminateio                              - Undefined Weak Reference
    __Vectors_Size                           0x000000ec   Number         0  startup_stm32f10x_ld.o ABSOLUTE
    __Vectors                                0x08000000   Data           4  startup_stm32f10x_ld.o(RESET)
    __Vectors_End                            0x080000ec   Data           0  startup_stm32f10x_ld.o(RESET)
    __main                                   0x080000ed   Thumb Code     8  __main.o(!!!main)
    __scatterload                            0x080000f5   Thumb Code     0  __scatter.o(!!!scatter)
    __scatterload_rt2                        0x080000f5   Thumb Code    44  __scatter.o(!!!scatter)
    __scatterload_rt2_thumb_only             0x080000f5   Thumb Code     0  __scatter.o(!!!scatter)
    __scatterload_null                       0x08000103   Thumb Code     0  __scatter.o(!!!scatter)
    __scatterload_copy                       0x08000129   Thumb Code    26  __scatter_copy.o(!!handler_copy)
    __scatterload_zeroinit                   0x08000145   Thumb Code    28  __scatter_zi.o(!!handler_zi)
    _printf_f                                0x08000161   Thumb Code     0  _printf_f.o(.ARM.Collect$$_printf_percent$$00000003)
    _printf_percent                          0x08000161   Thumb Code     0  _printf_percent.o(.ARM.Collect$$_printf_percent$$00000000)
    _printf_d                                0x08000167   Thumb Code     0  _printf_d.o(.ARM.Collect$$_printf_percent$$00000009)
    _printf_percent_end                      0x0800016d   Thumb Code     0  _printf_percent_end.o(.ARM.Collect$$_printf_percent$$00000017)
    __rt_lib_init                            0x08000171   Thumb Code     0  libinit.o(.ARM.Collect$$libinit$$00000000)
    __rt_lib_init_fp_1                       0x08000173   Thumb Code     0  libinit2.o(.ARM.Collect$$libinit$$00000002)
    __rt_lib_init_heap_1                     0x08000173   Thumb Code     0  libinit2.o(.ARM.Collect$$libinit$$0000000A)
    __rt_lib_init_lc_common                  0x08000173   Thumb Code     0  libinit2.o(.ARM.Collect$$libinit$$0000000F)
    __rt_lib_init_preinit_1                  0x08000173   Thumb Code     0  libinit2.o(.ARM.Collect$$libinit$$00000004)
    __rt_lib_init_rand_1                     0x08000173   Thumb Code     0  libinit2.o(.ARM.Collect$$libinit$$0000000E)
    __rt_lib_init_user_alloc_1               0x08000173   Thumb Code     0  libinit2.o(.ARM.Collect$$libinit$$0000000C)
    __rt_lib_init_lc_collate_1               0x08000179   Thumb Code     0  libinit2.o(.ARM.Collect$$libinit$$00000011)
    __rt_lib_init_lc_ctype_1                 0x08000179   Thumb Code     0  libinit2.o(.ARM.Collect$$libinit$$00000013)
    __rt_lib_init_lc_monetary_1              0x08000179   Thumb Code     0  libinit2.o(.ARM.Collect$$libinit$$00000015)
    __rt_lib_init_lc_numeric_2               0x08000179   Thumb Code     0  libinit2.o(.ARM.Collect$$libinit$$00000016)
    __rt_lib_init_alloca_1                   0x08000183   Thumb Code     0  libinit2.o(.ARM.Collect$$libinit$$0000002E)
    __rt_lib_init_argv_1                     0x08000183   Thumb Code     0  libinit2.o(.ARM.Collect$$libinit$$0000002C)
    __rt_lib_init_atexit_1                   0x08000183   Thumb Code     0  libinit2.o(.ARM.Collect$$libinit$$0000001B)
    __rt_lib_init_clock_1                    0x08000183   Thumb Code     0  libinit2.o(.ARM.Collect$$libinit$$00000021)
    __rt_lib_init_cpp_1                      0x08000183   Thumb Code     0  libinit2.o(.ARM.Collect$$libinit$$00000032)
    __rt_lib_init_exceptions_1               0x08000183   Thumb Code     0  libinit2.o(.ARM.Collect$$libinit$$00000030)
    __rt_lib_init_fp_trap_1                  0x08000183   Thumb Code     0  libinit2.o(.ARM.Collect$$libinit$$0000001F)
    __rt_lib_init_getenv_1                   0x08000183   Thumb Code     0  libinit2.o(.ARM.Collect$$libinit$$00000023)
    __rt_lib_init_lc_numeric_1               0x08000183   Thumb Code     0  libinit2.o(.ARM.Collect$$libinit$$00000017)
    __rt_lib_init_lc_time_1                  0x08000183   Thumb Code     0  libinit2.o(.ARM.Collect$$libinit$$00000019)
    __rt_lib_init_return                     0x08000183   Thumb Code     0  libinit2.o(.ARM.Collect$$libinit$$00000033)
    __rt_lib_init_signal_1                   0x08000183   Thumb Code     0  libinit2.o(.ARM.Collect$$libinit$$0000001D)
    __rt_lib_init_stdio_1                    0x08000183   Thumb Code     0  libinit2.o(.ARM.Collect$$libinit$$00000025)
    __rt_lib_shutdown                        0x08000185   Thumb Code     0  libshutdown.o(.ARM.Collect$$libshutdown$$00000000)
    __rt_lib_shutdown_cpp_1                  0x08000187   Thumb Code     0  libshutdown2.o(.ARM.Collect$$libshutdown$$00000002)
    __rt_lib_shutdown_fp_trap_1              0x08000187   Thumb Code     0  libshutdown2.o(.ARM.Collect$$libshutdown$$00000007)
    __rt_lib_shutdown_heap_1                 0x08000187   Thumb Code     0  libshutdown2.o(.ARM.Collect$$libshutdown$$0000000F)
    __rt_lib_shutdown_return                 0x08000187   Thumb Code     0  libshutdown2.o(.ARM.Collect$$libshutdown$$00000010)
    __rt_lib_shutdown_signal_1               0x08000187   Thumb Code     0  libshutdown2.o(.ARM.Collect$$libshutdown$$0000000A)
    __rt_lib_shutdown_stdio_1                0x08000187   Thumb Code     0  libshutdown2.o(.ARM.Collect$$libshutdown$$00000004)
    __rt_lib_shutdown_user_alloc_1           0x08000187   Thumb Code     0  libshutdown2.o(.ARM.Collect$$libshutdown$$0000000C)
    __rt_entry                               0x08000189   Thumb Code     0  __rtentry.o(.ARM.Collect$$rtentry$$00000000)
    __rt_entry_presh_1                       0x08000189   Thumb Code     0  __rtentry2.o(.ARM.Collect$$rtentry$$00000002)
    __rt_entry_sh                            0x08000189   Thumb Code     0  __rtentry4.o(.ARM.Collect$$rtentry$$00000004)
    __rt_entry_li                            0x0800018f   Thumb Code     0  __rtentry2.o(.ARM.Collect$$rtentry$$0000000A)
    __rt_entry_postsh_1                      0x0800018f   Thumb Code     0  __rtentry2.o(.ARM.Collect$$rtentry$$00000009)
    __rt_entry_main                          0x08000193   Thumb Code     0  __rtentry2.o(.ARM.Collect$$rtentry$$0000000D)
    __rt_entry_postli_1                      0x08000193   Thumb Code     0  __rtentry2.o(.ARM.Collect$$rtentry$$0000000C)
    __rt_exit                                0x0800019b   Thumb Code     0  rtexit.o(.ARM.Collect$$rtexit$$00000000)
    __rt_exit_ls                             0x0800019d   Thumb Code     0  rtexit2.o(.ARM.Collect$$rtexit$$00000003)
    __rt_exit_prels_1                        0x0800019d   Thumb Code     0  rtexit2.o(.ARM.Collect$$rtexit$$00000002)
    __rt_exit_exit                           0x080001a1   Thumb Code     0  rtexit2.o(.ARM.Collect$$rtexit$$00000004)
    Reset_Handler                            0x080001a9   Thumb Code     8  startup_stm32f10x_ld.o(.text)
    NMI_Handler                              0x080001b1   Thumb Code     2  startup_stm32f10x_ld.o(.text)
    HardFault_Handler                        0x080001b3   Thumb Code     2  startup_stm32f10x_ld.o(.text)
    MemManage_Handler                        0x080001b5   Thumb Code     2  startup_stm32f10x_ld.o(.text)
    BusFault_Handler                         0x080001b7   Thumb Code     2  startup_stm32f10x_ld.o(.text)
    UsageFault_Handler                       0x080001b9   Thumb Code     2  startup_stm32f10x_ld.o(.text)
    SVC_Handler                              0x080001bb   Thumb Code     2  startup_stm32f10x_ld.o(.text)
    DebugMon_Handler                         0x080001bd   Thumb Code     2  startup_stm32f10x_ld.o(.text)
    PendSV_Handler                           0x080001bf   Thumb Code     2  startup_stm32f10x_ld.o(.text)
    ADC1_2_IRQHandler                        0x080001c3   Thumb Code     0  startup_stm32f10x_ld.o(.text)
    CAN1_RX1_IRQHandler                      0x080001c3   Thumb Code     0  startup_stm32f10x_ld.o(.text)
    CAN1_SCE_IRQHandler                      0x080001c3   Thumb Code     0  startup_stm32f10x_ld.o(.text)
    DMA1_Channel1_IRQHandler                 0x080001c3   Thumb Code     0  startup_stm32f10x_ld.o(.text)
    DMA1_Channel2_IRQHandler                 0x080001c3   Thumb Code     0  startup_stm32f10x_ld.o(.text)
    DMA1_Channel3_IRQHandler                 0x080001c3   Thumb Code     0  startup_stm32f10x_ld.o(.text)
    DMA1_Channel4_IRQHandler                 0x080001c3   Thumb Code     0  startup_stm32f10x_ld.o(.text)
    DMA1_Channel5_IRQHandler                 0x080001c3   Thumb Code     0  startup_stm32f10x_ld.o(.text)
    DMA1_Channel6_IRQHandler                 0x080001c3   Thumb Code     0  startup_stm32f10x_ld.o(.text)
    DMA1_Channel7_IRQHandler                 0x080001c3   Thumb Code     0  startup_stm32f10x_ld.o(.text)
    EXTI15_10_IRQHandler                     0x080001c3   Thumb Code     0  startup_stm32f10x_ld.o(.text)
    EXTI2_IRQHandler                         0x080001c3   Thumb Code     0  startup_stm32f10x_ld.o(.text)
    EXTI3_IRQHandler                         0x080001c3   Thumb Code     0  startup_stm32f10x_ld.o(.text)
    EXTI4_IRQHandler                         0x080001c3   Thumb Code     0  startup_stm32f10x_ld.o(.text)
    EXTI9_5_IRQHandler                       0x080001c3   Thumb Code     0  startup_stm32f10x_ld.o(.text)
    FLASH_IRQHandler                         0x080001c3   Thumb Code     0  startup_stm32f10x_ld.o(.text)
    I2C1_ER_IRQHandler                       0x080001c3   Thumb Code     0  startup_stm32f10x_ld.o(.text)
    I2C1_EV_IRQHandler                       0x080001c3   Thumb Code     0  startup_stm32f10x_ld.o(.text)
    PVD_IRQHandler                           0x080001c3   Thumb Code     0  startup_stm32f10x_ld.o(.text)
    RCC_IRQHandler                           0x080001c3   Thumb Code     0  startup_stm32f10x_ld.o(.text)
    RTCAlarm_IRQHandler                      0x080001c3   Thumb Code     0  startup_stm32f10x_ld.o(.text)
    RTC_IRQHandler                           0x080001c3   Thumb Code     0  startup_stm32f10x_ld.o(.text)
    SPI1_IRQHandler                          0x080001c3   Thumb Code     0  startup_stm32f10x_ld.o(.text)
    TAMPER_IRQHandler                        0x080001c3   Thumb Code     0  startup_stm32f10x_ld.o(.text)
    TIM1_BRK_IRQHandler                      0x080001c3   Thumb Code     0  startup_stm32f10x_ld.o(.text)
    TIM1_CC_IRQHandler                       0x080001c3   Thumb Code     0  startup_stm32f10x_ld.o(.text)
    TIM1_TRG_COM_IRQHandler                  0x080001c3   Thumb Code     0  startup_stm32f10x_ld.o(.text)
    TIM1_UP_IRQHandler                       0x080001c3   Thumb Code     0  startup_stm32f10x_ld.o(.text)
    TIM2_IRQHandler                          0x080001c3   Thumb Code     0  startup_stm32f10x_ld.o(.text)
    TIM3_IRQHandler                          0x080001c3   Thumb Code     0  startup_stm32f10x_ld.o(.text)
    USART1_IRQHandler                        0x080001c3   Thumb Code     0  startup_stm32f10x_ld.o(.text)
    USART2_IRQHandler                        0x080001c3   Thumb Code     0  startup_stm32f10x_ld.o(.text)
    USBWakeUp_IRQHandler                     0x080001c3   Thumb Code     0  startup_stm32f10x_ld.o(.text)
    USB_HP_CAN1_TX_IRQHandler                0x080001c3   Thumb Code     0  startup_stm32f10x_ld.o(.text)
    USB_LP_CAN1_RX0_IRQHandler               0x080001c3   Thumb Code     0  startup_stm32f10x_ld.o(.text)
    WWDG_IRQHandler                          0x080001c3   Thumb Code     0  startup_stm32f10x_ld.o(.text)
    __user_initial_stackheap                 0x080001c5   Thumb Code     0  startup_stm32f10x_ld.o(.text)
    __2sprintf                               0x080001e9   Thumb Code    34  noretval__2sprintf.o(.text)
    _printf_int_dec                          0x08000211   Thumb Code   104  _printf_dec.o(.text)
    __printf                                 0x08000289   Thumb Code   270  __printf_wp.o(.text)
    __use_two_region_memory                  0x08000397   Thumb Code     2  heapauxi.o(.text)
    __rt_heap_escrow$2region                 0x08000399   Thumb Code     2  heapauxi.o(.text)
    __rt_heap_expand$2region                 0x0800039b   Thumb Code     2  heapauxi.o(.text)
    __read_errno                             0x0800039d   Thumb Code    10  _rserrno.o(.text)
    __set_errno                              0x080003a7   Thumb Code    12  _rserrno.o(.text)
    _printf_int_common                       0x080003b3   Thumb Code   178  _printf_intcommon.o(.text)
    __lib_sel_fp_printf                      0x08000465   Thumb Code     2  _printf_fp_dec.o(.text)
    _printf_fp_dec_real                      0x08000617   Thumb Code   620  _printf_fp_dec.o(.text)
    _printf_char_common                      0x0800088f   Thumb Code    32  _printf_char_common.o(.text)
    _sputc                                   0x080008b5   Thumb Code    10  _sputc.o(.text)
    __rt_locale                              0x080008c1   Thumb Code     8  rt_locale_intlibspace.o(.text)
    __aeabi_errno_addr                       0x080008c9   Thumb Code     8  rt_errno_addr_intlibspace.o(.text)
    __errno$intlibspace                      0x080008c9   Thumb Code     0  rt_errno_addr_intlibspace.o(.text)
    __rt_errno_addr$intlibspace              0x080008c9   Thumb Code     0  rt_errno_addr_intlibspace.o(.text)
    _ll_udiv10                               0x080008d1   Thumb Code   138  lludiv10.o(.text)
    _printf_fp_infnan                        0x0800095d   Thumb Code   112  _printf_fp_infnan.o(.text)
    _btod_etento                             0x080009dd   Thumb Code   224  bigflt0.o(.text)
    __user_libspace                          0x08000ac1   Thumb Code     8  libspace.o(.text)
    __user_perproc_libspace                  0x08000ac1   Thumb Code     0  libspace.o(.text)
    __user_perthread_libspace                0x08000ac1   Thumb Code     0  libspace.o(.text)
    __user_setup_stackheap                   0x08000ac9   Thumb Code    74  sys_stackheap_outer.o(.text)
    exit                                     0x08000b13   Thumb Code    18  exit.o(.text)
    strcmp                                   0x08000b25   Thumb Code   128  strcmpv7m.o(.text)
    _sys_exit                                0x08000ba5   Thumb Code     8  sys_exit.o(.text)
    __I$use$semihosting                      0x08000bb1   Thumb Code     0  use_no_semi.o(.text)
    __use_no_semihosting_swi                 0x08000bb1   Thumb Code     2  use_no_semi.o(.text)
    __semihosting_library_function           0x08000bb3   Thumb Code     0  indicate_semi.o(.text)
    _btod_d2e                                0x08000bb3   Thumb Code    62  btod.o(CL$$btod_d2e)
    _d2e_denorm_low                          0x08000bf1   Thumb Code    70  btod.o(CL$$btod_d2e_denorm_low)
    _d2e_norm_op1                            0x08000c37   Thumb Code    96  btod.o(CL$$btod_d2e_norm_op1)
    __btod_div_common                        0x08000c97   Thumb Code   696  btod.o(CL$$btod_div_common)
    _e2e                                     0x08000fcf   Thumb Code   220  btod.o(CL$$btod_e2e)
    _btod_ediv                               0x080010ab   Thumb Code    42  btod.o(CL$$btod_ediv)
    _btod_emul                               0x080010d5   Thumb Code    42  btod.o(CL$$btod_emul)
    __btod_mult_common                       0x080010ff   Thumb Code   580  btod.o(CL$$btod_mult_common)
    EXTI0_IRQHandler                         0x08001345   Thumb Code    90  main.o(i.EXTI0_IRQHandler)
    EXTI1_IRQHandler                         0x080013b1   Thumb Code    30  main.o(i.EXTI1_IRQHandler)
    SysTickInit                              0x080014c1   Thumb Code    22  systick.o(i.SysTickInit)
    SysTick_Handler                          0x080014dd   Thumb Code    22  systick.o(i.SysTick_Handler)
    SystemInit                               0x080014fd   Thumb Code    78  system_stm32f10x.o(i.SystemInit)
    __ARM_fpclassify                         0x0800155d   Thumb Code    40  fpclassify.o(i.__ARM_fpclassify)
    _is_digit                                0x080015d1   Thumb Code    14  __printf_wp.o(i._is_digit)
    blinkLedGreen                            0x080015e1   Thumb Code    38  main.o(i.blinkLedGreen)
    counterStep                              0x08001611   Thumb Code   192  main.o(i.counterStep)
    delayMs                                  0x080016fd   Thumb Code    28  systick.o(i.delayMs)
    delayUs                                  0x0800171d   Thumb Code    28  systick.o(i.delayUs)
    displayLoading                           0x0800173d   Thumb Code    74  main.o(i.displayLoading)
    getLedTicks                              0x08001795   Thumb Code     6  systick.o(i.getLedTicks)
    getMs                                    0x080017a1   Thumb Code     6  systick.o(i.getMs)
    getUs                                    0x080017ad   Thumb Code    36  systick.o(i.getUs)
    i2cAddress                               0x080017d5   Thumb Code    72  i2c.o(i.i2cAddress)
    i2cInit                                  0x08001821   Thumb Code   120  i2c.o(i.i2cInit)
    i2cRead                                  0x080018a5   Thumb Code   268  i2c.o(i.i2cRead)
    i2cStart                                 0x080019b5   Thumb Code    40  i2c.o(i.i2cStart)
    i2cStop                                  0x080019e1   Thumb Code    34  i2c.o(i.i2cStop)
    i2cWrite                                 0x08001a09   Thumb Code    36  i2c.o(i.i2cWrite)
    init                                     0x08001a31   Thumb Code   288  main.o(i.init)
    lcdClear                                 0x08001b65   Thumb Code    48  lcd1602.o(i.lcdClear)
    lcdCmd                                   0x08001b95   Thumb Code   112  lcd1602.o(i.lcdCmd)
    lcdData                                  0x08001c05   Thumb Code   112  lcd1602.o(i.lcdData)
    lcdInit                                  0x08001c75   Thumb Code   248  lcd1602.o(i.lcdInit)
    lcdMessage                               0x08001d6d   Thumb Code    50  lcd1602.o(i.lcdMessage)
    lcdSend                                  0x08001d9f   Thumb Code    30  lcd1602.o(i.lcdSend)
    lcdWrite                                 0x08001dbd   Thumb Code    26  lcd1602.o(i.lcdWrite)
    main                                     0x08001dd9   Thumb Code   260  main.o(i.main)
    mpu6050Init                              0x08001f29   Thumb Code    60  mpu6050.o(i.mpu6050Init)
    mpu6050ReadAccel                         0x08001f65   Thumb Code   168  mpu6050.o(i.mpu6050ReadAccel)
    mpuRead                                  0x08002021   Thumb Code    52  mpu6050.o(i.mpuRead)
    mpuWrite                                 0x08002055   Thumb Code    36  mpu6050.o(i.mpuWrite)
    setLedTicks                              0x08002079   Thumb Code     6  systick.o(i.setLedTicks)
    sqrt                                     0x08002085   Thumb Code    76  sqrt.o(i.sqrt)
    _get_lc_numeric                          0x080020d1   Thumb Code    44  lc_numeric_c.o(locale$$code)
    __aeabi_d2f                              0x080020fd   Thumb Code     0  d2f.o(x$fpl$d2f)
    _d2f                                     0x080020fd   Thumb Code    98  d2f.o(x$fpl$d2f)
    __fpl_dcmp_Inf                           0x0800215f   Thumb Code    24  dcmpi.o(x$fpl$dcmpinf)
    __aeabi_ddiv                             0x08002179   Thumb Code     0  ddiv.o(x$fpl$ddiv)
    _ddiv                                    0x08002179   Thumb Code   552  ddiv.o(x$fpl$ddiv)
    __aeabi_i2d                              0x08002429   Thumb Code     0  dflt_clz.o(x$fpl$dflt)
    _dflt                                    0x08002429   Thumb Code    46  dflt_clz.o(x$fpl$dflt)
    __aeabi_cdcmple                          0x08002459   Thumb Code     0  dleqf.o(x$fpl$dleqf)
    _dcmple                                  0x08002459   Thumb Code   120  dleqf.o(x$fpl$dleqf)
    __fpl_dcmple_InfNaN                      0x080024bb   Thumb Code     0  dleqf.o(x$fpl$dleqf)
    __fpl_dnaninf                            0x080024d1   Thumb Code   156  dnaninf.o(x$fpl$dnaninf)
    __fpl_dretinf                            0x0800256d   Thumb Code    12  dretinf.o(x$fpl$dretinf)
    __aeabi_cdrcmple                         0x08002579   Thumb Code     0  drleqf.o(x$fpl$drleqf)
    _drcmple                                 0x08002579   Thumb Code   108  drleqf.o(x$fpl$drleqf)
    _dsqrt                                   0x080025e5   Thumb Code   456  dsqrt_noumaal.o(x$fpl$dsqrt)
    __aeabi_f2d                              0x080027b1   Thumb Code     0  f2d.o(x$fpl$f2d)
    _f2d                                     0x080027b1   Thumb Code    86  f2d.o(x$fpl$f2d)
    __aeabi_fadd                             0x08002809   Thumb Code     0  faddsub_clz.o(x$fpl$fadd)
    _fadd                                    0x08002809   Thumb Code   196  faddsub_clz.o(x$fpl$fadd)
    __aeabi_fdiv                             0x080028cd   Thumb Code     0  fdiv.o(x$fpl$fdiv)
    _fdiv                                    0x080028cd   Thumb Code   384  fdiv.o(x$fpl$fdiv)
    __aeabi_fmul                             0x08002a51   Thumb Code     0  fmul.o(x$fpl$fmul)
    _fmul                                    0x08002a51   Thumb Code   258  fmul.o(x$fpl$fmul)
    __fpl_fnaninf                            0x08002b53   Thumb Code   140  fnaninf.o(x$fpl$fnaninf)
    __fpl_fretinf                            0x08002bdf   Thumb Code    10  fretinf.o(x$fpl$fretinf)
    __aeabi_fsub                             0x08002be9   Thumb Code     0  faddsub_clz.o(x$fpl$fsub)
    _fsub                                    0x08002be9   Thumb Code   234  faddsub_clz.o(x$fpl$fsub)
    _printf_fp_dec                           0x08002cd3   Thumb Code     4  printf1.o(x$fpl$printf1)
    __I$use$fp                               0x08002cd6   Number         0  usenofp.o(x$fpl$usenofp)
    Region$$Table$$Base                      0x08002d6c   Number         0  anon$$obj.o(Region$$Table)
    Region$$Table$$Limit                     0x08002d8c   Number         0  anon$$obj.o(Region$$Table)
    statusLedGreen                           0x20000000   Data           1  main.o(.data)
    statusLCD                                0x20000001   Data           1  main.o(.data)
    mode                                     0x20000002   Data           1  main.o(.data)
    resetStep                                0x20000003   Data           1  main.o(.data)
    steps                                    0x20000004   Data           4  main.o(.data)
    Ax                                       0x20000008   Data           4  main.o(.data)
    Ay                                       0x2000000c   Data           4  main.o(.data)
    Az                                       0x20000010   Data           4  main.o(.data)
    AxAvg                                    0x20000014   Data           4  main.o(.data)
    AyAvg                                    0x20000018   Data           4  main.o(.data)
    AzAvg                                    0x2000001c   Data           4  main.o(.data)
    accTotal                                 0x20000020   Data           4  main.o(.data)
    min                                      0x20000024   Data           4  main.o(.data)
    max                                      0x20000028   Data           4  main.o(.data)
    threshold                                0x2000002c   Data           4  main.o(.data)
    sampling                                 0x20000030   Data           2  main.o(.data)
    flag                                     0x20000032   Data           1  main.o(.data)
    prevAcc                                  0x20000034   Data           4  main.o(.data)
    accValue                                 0x20000038   Data           4  main.o(.data)
    delta                                    0x2000003c   Data           4  main.o(.data)
    msTicks                                  0x20000040   Data           4  systick.o(.data)
    ledTicks                                 0x20000044   Data           4  systick.o(.data)
    accelX                                   0x20000048   Data           2  mpu6050.o(.data)
    accelY                                   0x2000004a   Data           2  mpu6050.o(.data)
    accelZ                                   0x2000004c   Data           2  mpu6050.o(.data)
    buffer                                   0x20000050   Data          32  main.o(.bss)
    AxValue                                  0x20000070   Data         400  main.o(.bss)
    AyValue                                  0x20000200   Data         400  main.o(.bss)
    AzValue                                  0x20000390   Data         400  main.o(.bss)
    __libspace_start                         0x20000520   Data          96  libspace.o(.bss)
    __temporary_stack_top$libspace           0x20000580   Data           0  libspace.o(.bss)



==============================================================================

Memory Map of the image

  Image Entry point : 0x080001a9

  Load Region LR_1 (Base: 0x08000000, Size: 0x00002df8, Max: 0xffffffff, ABSOLUTE)

    Execution Region ER_RO (Exec base: 0x08000000, Load base: 0x08000000, Size: 0x00002da8, Max: 0xffffffff, ABSOLUTE)

    Exec Addr    Load Addr    Size         Type   Attr      Idx    E Section Name        Object

    0x08000000   0x08000000   0x000000ec   Data   RO          419    RESET               startup_stm32f10x_ld.o
    0x080000ec   0x080000ec   0x00000008   Code   RO          505  * !!!main             c_w.l(__main.o)
    0x080000f4   0x080000f4   0x00000034   Code   RO          776    !!!scatter          c_w.l(__scatter.o)
    0x08000128   0x08000128   0x0000001a   Code   RO          778    !!handler_copy      c_w.l(__scatter_copy.o)
    0x08000142   0x08000142   0x00000002   PAD
    0x08000144   0x08000144   0x0000001c   Code   RO          780    !!handler_zi        c_w.l(__scatter_zi.o)
    0x08000160   0x08000160   0x00000000   Code   RO          502    .ARM.Collect$$_printf_percent$$00000000  c_w.l(_printf_percent.o)
    0x08000160   0x08000160   0x00000006   Code   RO          501    .ARM.Collect$$_printf_percent$$00000003  c_w.l(_printf_f.o)
    0x08000166   0x08000166   0x00000006   Code   RO          500    .ARM.Collect$$_printf_percent$$00000009  c_w.l(_printf_d.o)
    0x0800016c   0x0800016c   0x00000004   Code   RO          558    .ARM.Collect$$_printf_percent$$00000017  c_w.l(_printf_percent_end.o)
    0x08000170   0x08000170   0x00000002   Code   RO          649    .ARM.Collect$$libinit$$00000000  c_w.l(libinit.o)
    0x08000172   0x08000172   0x00000000   Code   RO          651    .ARM.Collect$$libinit$$00000002  c_w.l(libinit2.o)
    0x08000172   0x08000172   0x00000000   Code   RO          653    .ARM.Collect$$libinit$$00000004  c_w.l(libinit2.o)
    0x08000172   0x08000172   0x00000000   Code   RO          656    .ARM.Collect$$libinit$$0000000A  c_w.l(libinit2.o)
    0x08000172   0x08000172   0x00000000   Code   RO          658    .ARM.Collect$$libinit$$0000000C  c_w.l(libinit2.o)
    0x08000172   0x08000172   0x00000000   Code   RO          660    .ARM.Collect$$libinit$$0000000E  c_w.l(libinit2.o)
    0x08000172   0x08000172   0x00000006   Code   RO          661    .ARM.Collect$$libinit$$0000000F  c_w.l(libinit2.o)
    0x08000178   0x08000178   0x00000000   Code   RO          663    .ARM.Collect$$libinit$$00000011  c_w.l(libinit2.o)
    0x08000178   0x08000178   0x00000000   Code   RO          665    .ARM.Collect$$libinit$$00000013  c_w.l(libinit2.o)
    0x08000178   0x08000178   0x00000000   Code   RO          667    .ARM.Collect$$libinit$$00000015  c_w.l(libinit2.o)
    0x08000178   0x08000178   0x0000000a   Code   RO          668    .ARM.Collect$$libinit$$00000016  c_w.l(libinit2.o)
    0x08000182   0x08000182   0x00000000   Code   RO          669    .ARM.Collect$$libinit$$00000017  c_w.l(libinit2.o)
    0x08000182   0x08000182   0x00000000   Code   RO          671    .ARM.Collect$$libinit$$00000019  c_w.l(libinit2.o)
    0x08000182   0x08000182   0x00000000   Code   RO          673    .ARM.Collect$$libinit$$0000001B  c_w.l(libinit2.o)
    0x08000182   0x08000182   0x00000000   Code   RO          675    .ARM.Collect$$libinit$$0000001D  c_w.l(libinit2.o)
    0x08000182   0x08000182   0x00000000   Code   RO          677    .ARM.Collect$$libinit$$0000001F  c_w.l(libinit2.o)
    0x08000182   0x08000182   0x00000000   Code   RO          679    .ARM.Collect$$libinit$$00000021  c_w.l(libinit2.o)
    0x08000182   0x08000182   0x00000000   Code   RO          681    .ARM.Collect$$libinit$$00000023  c_w.l(libinit2.o)
    0x08000182   0x08000182   0x00000000   Code   RO          683    .ARM.Collect$$libinit$$00000025  c_w.l(libinit2.o)
    0x08000182   0x08000182   0x00000000   Code   RO          687    .ARM.Collect$$libinit$$0000002C  c_w.l(libinit2.o)
    0x08000182   0x08000182   0x00000000   Code   RO          689    .ARM.Collect$$libinit$$0000002E  c_w.l(libinit2.o)
    0x08000182   0x08000182   0x00000000   Code   RO          691    .ARM.Collect$$libinit$$00000030  c_w.l(libinit2.o)
    0x08000182   0x08000182   0x00000000   Code   RO          693    .ARM.Collect$$libinit$$00000032  c_w.l(libinit2.o)
    0x08000182   0x08000182   0x00000002   Code   RO          694    .ARM.Collect$$libinit$$00000033  c_w.l(libinit2.o)
    0x08000184   0x08000184   0x00000002   Code   RO          724    .ARM.Collect$$libshutdown$$00000000  c_w.l(libshutdown.o)
    0x08000186   0x08000186   0x00000000   Code   RO          735    .ARM.Collect$$libshutdown$$00000002  c_w.l(libshutdown2.o)
    0x08000186   0x08000186   0x00000000   Code   RO          737    .ARM.Collect$$libshutdown$$00000004  c_w.l(libshutdown2.o)
    0x08000186   0x08000186   0x00000000   Code   RO          740    .ARM.Collect$$libshutdown$$00000007  c_w.l(libshutdown2.o)
    0x08000186   0x08000186   0x00000000   Code   RO          743    .ARM.Collect$$libshutdown$$0000000A  c_w.l(libshutdown2.o)
    0x08000186   0x08000186   0x00000000   Code   RO          745    .ARM.Collect$$libshutdown$$0000000C  c_w.l(libshutdown2.o)
    0x08000186   0x08000186   0x00000000   Code   RO          748    .ARM.Collect$$libshutdown$$0000000F  c_w.l(libshutdown2.o)
    0x08000186   0x08000186   0x00000002   Code   RO          749    .ARM.Collect$$libshutdown$$00000010  c_w.l(libshutdown2.o)
    0x08000188   0x08000188   0x00000000   Code   RO          547    .ARM.Collect$$rtentry$$00000000  c_w.l(__rtentry.o)
    0x08000188   0x08000188   0x00000000   Code   RO          573    .ARM.Collect$$rtentry$$00000002  c_w.l(__rtentry2.o)
    0x08000188   0x08000188   0x00000006   Code   RO          585    .ARM.Collect$$rtentry$$00000004  c_w.l(__rtentry4.o)
    0x0800018e   0x0800018e   0x00000000   Code   RO          575    .ARM.Collect$$rtentry$$00000009  c_w.l(__rtentry2.o)
    0x0800018e   0x0800018e   0x00000004   Code   RO          576    .ARM.Collect$$rtentry$$0000000A  c_w.l(__rtentry2.o)
    0x08000192   0x08000192   0x00000000   Code   RO          578    .ARM.Collect$$rtentry$$0000000C  c_w.l(__rtentry2.o)
    0x08000192   0x08000192   0x00000008   Code   RO          579    .ARM.Collect$$rtentry$$0000000D  c_w.l(__rtentry2.o)
    0x0800019a   0x0800019a   0x00000002   Code   RO          695    .ARM.Collect$$rtexit$$00000000  c_w.l(rtexit.o)
    0x0800019c   0x0800019c   0x00000000   Code   RO          702    .ARM.Collect$$rtexit$$00000002  c_w.l(rtexit2.o)
    0x0800019c   0x0800019c   0x00000004   Code   RO          703    .ARM.Collect$$rtexit$$00000003  c_w.l(rtexit2.o)
    0x080001a0   0x080001a0   0x00000006   Code   RO          704    .ARM.Collect$$rtexit$$00000004  c_w.l(rtexit2.o)
    0x080001a6   0x080001a6   0x00000002   PAD
    0x080001a8   0x080001a8   0x00000040   Code   RO          420  * .text               startup_stm32f10x_ld.o
    0x080001e8   0x080001e8   0x00000028   Code   RO          474    .text               c_w.l(noretval__2sprintf.o)
    0x08000210   0x08000210   0x00000078   Code   RO          478    .text               c_w.l(_printf_dec.o)
    0x08000288   0x08000288   0x0000010e   Code   RO          488    .text               c_w.l(__printf_wp.o)
    0x08000396   0x08000396   0x00000006   Code   RO          503    .text               c_w.l(heapauxi.o)
    0x0800039c   0x0800039c   0x00000016   Code   RO          548    .text               c_w.l(_rserrno.o)
    0x080003b2   0x080003b2   0x000000b2   Code   RO          550    .text               c_w.l(_printf_intcommon.o)
    0x08000464   0x08000464   0x0000041e   Code   RO          552    .text               c_w.l(_printf_fp_dec.o)
    0x08000882   0x08000882   0x00000002   PAD
    0x08000884   0x08000884   0x00000030   Code   RO          554    .text               c_w.l(_printf_char_common.o)
    0x080008b4   0x080008b4   0x0000000a   Code   RO          556    .text               c_w.l(_sputc.o)
    0x080008be   0x080008be   0x00000002   PAD
    0x080008c0   0x080008c0   0x00000008   Code   RO          590    .text               c_w.l(rt_locale_intlibspace.o)
    0x080008c8   0x080008c8   0x00000008   Code   RO          595    .text               c_w.l(rt_errno_addr_intlibspace.o)
    0x080008d0   0x080008d0   0x0000008a   Code   RO          597    .text               c_w.l(lludiv10.o)
    0x0800095a   0x0800095a   0x00000002   PAD
    0x0800095c   0x0800095c   0x00000080   Code   RO          599    .text               c_w.l(_printf_fp_infnan.o)
    0x080009dc   0x080009dc   0x000000e4   Code   RO          603    .text               c_w.l(bigflt0.o)
    0x08000ac0   0x08000ac0   0x00000008   Code   RO          635    .text               c_w.l(libspace.o)
    0x08000ac8   0x08000ac8   0x0000004a   Code   RO          638    .text               c_w.l(sys_stackheap_outer.o)
    0x08000b12   0x08000b12   0x00000012   Code   RO          640    .text               c_w.l(exit.o)
    0x08000b24   0x08000b24   0x00000080   Code   RO          642    .text               c_w.l(strcmpv7m.o)
    0x08000ba4   0x08000ba4   0x0000000c   Code   RO          714    .text               c_w.l(sys_exit.o)
    0x08000bb0   0x08000bb0   0x00000002   Code   RO          725    .text               c_w.l(use_no_semi.o)
    0x08000bb2   0x08000bb2   0x00000000   Code   RO          727    .text               c_w.l(indicate_semi.o)
    0x08000bb2   0x08000bb2   0x0000003e   Code   RO          606    CL$$btod_d2e        c_w.l(btod.o)
    0x08000bf0   0x08000bf0   0x00000046   Code   RO          608    CL$$btod_d2e_denorm_low  c_w.l(btod.o)
    0x08000c36   0x08000c36   0x00000060   Code   RO          607    CL$$btod_d2e_norm_op1  c_w.l(btod.o)
    0x08000c96   0x08000c96   0x00000338   Code   RO          616    CL$$btod_div_common  c_w.l(btod.o)
    0x08000fce   0x08000fce   0x000000dc   Code   RO          613    CL$$btod_e2e        c_w.l(btod.o)
    0x080010aa   0x080010aa   0x0000002a   Code   RO          610    CL$$btod_ediv       c_w.l(btod.o)
    0x080010d4   0x080010d4   0x0000002a   Code   RO          609    CL$$btod_emul       c_w.l(btod.o)
    0x080010fe   0x080010fe   0x00000244   Code   RO          615    CL$$btod_mult_common  c_w.l(btod.o)
    0x08001342   0x08001342   0x00000002   PAD
    0x08001344   0x08001344   0x0000006c   Code   RO            4    i.EXTI0_IRQHandler  main.o
    0x080013b0   0x080013b0   0x00000028   Code   RO            5    i.EXTI1_IRQHandler  main.o
    0x080013d8   0x080013d8   0x00000008   Code   RO          427    i.SetSysClock       system_stm32f10x.o
    0x080013e0   0x080013e0   0x000000e0   Code   RO          428    i.SetSysClockTo72   system_stm32f10x.o
    0x080014c0   0x080014c0   0x0000001c   Code   RO          133    i.SysTickInit       systick.o
    0x080014dc   0x080014dc   0x00000020   Code   RO          134    i.SysTick_Handler   systick.o
    0x080014fc   0x080014fc   0x00000060   Code   RO          430    i.SystemInit        system_stm32f10x.o
    0x0800155c   0x0800155c   0x00000028   Code   RO          633    i.__ARM_fpclassify  m_ws.l(fpclassify.o)
    0x08001584   0x08001584   0x00000022   Code   RO            6    i.__NVIC_EnableIRQ  main.o
    0x080015a6   0x080015a6   0x00000002   PAD
    0x080015a8   0x080015a8   0x00000028   Code   RO            7    i.__NVIC_SetPriority  main.o
    0x080015d0   0x080015d0   0x0000000e   Code   RO          490    i._is_digit         c_w.l(__printf_wp.o)
    0x080015de   0x080015de   0x00000002   PAD
    0x080015e0   0x080015e0   0x00000030   Code   RO            8    i.blinkLedGreen     main.o
    0x08001610   0x08001610   0x000000ec   Code   RO           10    i.counterStep       main.o
    0x080016fc   0x080016fc   0x00000020   Code   RO          135    i.delayMs           systick.o
    0x0800171c   0x0800171c   0x00000020   Code   RO          136    i.delayUs           systick.o
    0x0800173c   0x0800173c   0x00000058   Code   RO           11    i.displayLoading    main.o
    0x08001794   0x08001794   0x0000000c   Code   RO          137    i.getLedTicks       systick.o
    0x080017a0   0x080017a0   0x0000000c   Code   RO          138    i.getMs             systick.o
    0x080017ac   0x080017ac   0x00000028   Code   RO          139    i.getUs             systick.o
    0x080017d4   0x080017d4   0x0000004c   Code   RO          366    i.i2cAddress        i2c.o
    0x08001820   0x08001820   0x00000084   Code   RO          367    i.i2cInit           i2c.o
    0x080018a4   0x080018a4   0x00000110   Code   RO          368    i.i2cRead           i2c.o
    0x080019b4   0x080019b4   0x0000002c   Code   RO          369    i.i2cStart          i2c.o
    0x080019e0   0x080019e0   0x00000028   Code   RO          370    i.i2cStop           i2c.o
    0x08001a08   0x08001a08   0x00000028   Code   RO          371    i.i2cWrite          i2c.o
    0x08001a30   0x08001a30   0x00000134   Code   RO           12    i.init              main.o
    0x08001b64   0x08001b64   0x00000030   Code   RO          258    i.lcdClear          lcd1602.o
    0x08001b94   0x08001b94   0x00000070   Code   RO          259    i.lcdCmd            lcd1602.o
    0x08001c04   0x08001c04   0x00000070   Code   RO          260    i.lcdData           lcd1602.o
    0x08001c74   0x08001c74   0x000000f8   Code   RO          261    i.lcdInit           lcd1602.o
    0x08001d6c   0x08001d6c   0x00000032   Code   RO          262    i.lcdMessage        lcd1602.o
    0x08001d9e   0x08001d9e   0x0000001e   Code   RO          263    i.lcdSend           lcd1602.o
    0x08001dbc   0x08001dbc   0x0000001a   Code   RO          264    i.lcdWrite          lcd1602.o
    0x08001dd6   0x08001dd6   0x00000002   PAD
    0x08001dd8   0x08001dd8   0x00000150   Code   RO           13    i.main              main.o
    0x08001f28   0x08001f28   0x0000003c   Code   RO          321    i.mpu6050Init       mpu6050.o
    0x08001f64   0x08001f64   0x000000bc   Code   RO          322    i.mpu6050ReadAccel  mpu6050.o
    0x08002020   0x08002020   0x00000034   Code   RO          323    i.mpuRead           mpu6050.o
    0x08002054   0x08002054   0x00000024   Code   RO          324    i.mpuWrite          mpu6050.o
    0x08002078   0x08002078   0x0000000c   Code   RO          140    i.setLedTicks       systick.o
    0x08002084   0x08002084   0x0000004c   Code   RO          540    i.sqrt              m_ws.l(sqrt.o)
    0x080020d0   0x080020d0   0x0000002c   Code   RO          629    locale$$code        c_w.l(lc_numeric_c.o)
    0x080020fc   0x080020fc   0x00000062   Code   RO          507    x$fpl$d2f           fz_ws.l(d2f.o)
    0x0800215e   0x0800215e   0x00000018   Code   RO          559    x$fpl$dcmpinf       fz_ws.l(dcmpi.o)
    0x08002176   0x08002176   0x00000002   PAD
    0x08002178   0x08002178   0x000002b0   Code   RO          510    x$fpl$ddiv          fz_ws.l(ddiv.o)
    0x08002428   0x08002428   0x0000002e   Code   RO          514    x$fpl$dflt          fz_ws.l(dflt_clz.o)
    0x08002456   0x08002456   0x00000002   PAD
    0x08002458   0x08002458   0x00000078   Code   RO          519    x$fpl$dleqf         fz_ws.l(dleqf.o)
    0x080024d0   0x080024d0   0x0000009c   Code   RO          561    x$fpl$dnaninf       fz_ws.l(dnaninf.o)
    0x0800256c   0x0800256c   0x0000000c   Code   RO          563    x$fpl$dretinf       fz_ws.l(dretinf.o)
    0x08002578   0x08002578   0x0000006c   Code   RO          521    x$fpl$drleqf        fz_ws.l(drleqf.o)
    0x080025e4   0x080025e4   0x000001cc   Code   RO          565    x$fpl$dsqrt         fz_ws.l(dsqrt_noumaal.o)
    0x080027b0   0x080027b0   0x00000056   Code   RO          523    x$fpl$f2d           fz_ws.l(f2d.o)
    0x08002806   0x08002806   0x00000002   PAD
    0x08002808   0x08002808   0x000000c4   Code   RO          525    x$fpl$fadd          fz_ws.l(faddsub_clz.o)
    0x080028cc   0x080028cc   0x00000184   Code   RO          532    x$fpl$fdiv          fz_ws.l(fdiv.o)
    0x08002a50   0x08002a50   0x00000102   Code   RO          535    x$fpl$fmul          fz_ws.l(fmul.o)
    0x08002b52   0x08002b52   0x0000008c   Code   RO          567    x$fpl$fnaninf       fz_ws.l(fnaninf.o)
    0x08002bde   0x08002bde   0x0000000a   Code   RO          569    x$fpl$fretinf       fz_ws.l(fretinf.o)
    0x08002be8   0x08002be8   0x000000ea   Code   RO          527    x$fpl$fsub          fz_ws.l(faddsub_clz.o)
    0x08002cd2   0x08002cd2   0x00000004   Code   RO          537    x$fpl$printf1       fz_ws.l(printf1.o)
    0x08002cd6   0x08002cd6   0x00000000   Code   RO          571    x$fpl$usenofp       fz_ws.l(usenofp.o)
    0x08002cd6   0x08002cd6   0x00000002   PAD
    0x08002cd8   0x08002cd8   0x00000094   Data   RO          604    .constdata          c_w.l(bigflt0.o)
    0x08002d6c   0x08002d6c   0x00000020   Data   RO          774    Region$$Table       anon$$obj.o
    0x08002d8c   0x08002d8c   0x0000001c   Data   RO          628    locale$$data        c_w.l(lc_numeric_c.o)


    Execution Region ER_RW (Exec base: 0x20000000, Load base: 0x08002da8, Size: 0x00000050, Max: 0xffffffff, ABSOLUTE)

    Exec Addr    Load Addr    Size         Type   Attr      Idx    E Section Name        Object

    0x20000000   0x08002da8   0x00000040   Data   RW           15    .data               main.o
    0x20000040   0x08002de8   0x00000008   Data   RW          141    .data               systick.o
    0x20000048   0x08002df0   0x00000006   Data   RW          325    .data               mpu6050.o


    Execution Region ER_ZI (Exec base: 0x20000050, Load base: 0x08002df8, Size: 0x00000b30, Max: 0xffffffff, ABSOLUTE)

    Exec Addr    Load Addr    Size         Type   Attr      Idx    E Section Name        Object

    0x20000050        -       0x000004d0   Zero   RW           14    .bss                main.o
    0x20000520        -       0x00000060   Zero   RW          636    .bss                c_w.l(libspace.o)
    0x20000580        -       0x00000200   Zero   RW          418    HEAP                startup_stm32f10x_ld.o
    0x20000780        -       0x00000400   Zero   RW          417    STACK               startup_stm32f10x_ld.o


==============================================================================

Image component sizes


      Code (inc. data)   RO Data    RW Data    ZI Data      Debug   Object Name

       604         34          0          0          0       3145   i2c.o
       626          0          0          0          0       3546   lcd1602.o
      1238        200          0         64       1232     212905   main.o
       336         20          0          6          0       2813   mpu6050.o
        64         26        236          0       1536        804   startup_stm32f10x_ld.o
       328         28          0          0          0       2045   system_stm32f10x.o
       200         46          0          8          0       3827   systick.o

    ----------------------------------------------------------------------
      3400        354        268         80       2768     229085   Object Totals
         0          0         32          0          0          0   (incl. Generated)
         4          0          0          2          0          0   (incl. Padding)

    ----------------------------------------------------------------------

      Code (inc. data)   RO Data    RW Data    ZI Data      Debug   Library Member Name

         8          0          0          0          0         68   __main.o
       284          0          0          0          0        156   __printf_wp.o
         0          0          0          0          0          0   __rtentry.o
        12          0          0          0          0          0   __rtentry2.o
         6          0          0          0          0          0   __rtentry4.o
        52          8          0          0          0          0   __scatter.o
        26          0          0          0          0          0   __scatter_copy.o
        28          0          0          0          0          0   __scatter_zi.o
        48          6          0          0          0         96   _printf_char_common.o
         6          0          0          0          0          0   _printf_d.o
       120         16          0          0          0         92   _printf_dec.o
         6          0          0          0          0          0   _printf_f.o
      1054          0          0          0          0        216   _printf_fp_dec.o
       128         16          0          0          0         84   _printf_fp_infnan.o
       178          0          0          0          0         88   _printf_intcommon.o
         0          0          0          0          0          0   _printf_percent.o
         4          0          0          0          0          0   _printf_percent_end.o
        22          0          0          0          0        100   _rserrno.o
        10          0          0          0          0         68   _sputc.o
       228          4        148          0          0         96   bigflt0.o
      1936        128          0          0          0        672   btod.o
        18          0          0          0          0         80   exit.o
         6          0          0          0          0        152   heapauxi.o
         0          0          0          0          0          0   indicate_semi.o
        44         10         28          0          0         76   lc_numeric_c.o
         2          0          0          0          0          0   libinit.o
        18          0          0          0          0          0   libinit2.o
         2          0          0          0          0          0   libshutdown.o
         2          0          0          0          0          0   libshutdown2.o
         8          4          0          0         96         68   libspace.o
       138          0          0          0          0         80   lludiv10.o
        40          6          0          0          0         84   noretval__2sprintf.o
         8          4          0          0          0         68   rt_errno_addr_intlibspace.o
         8          4          0          0          0         68   rt_locale_intlibspace.o
         2          0          0          0          0          0   rtexit.o
        10          0          0          0          0          0   rtexit2.o
       128          0          0          0          0         68   strcmpv7m.o
        12          4          0          0          0         68   sys_exit.o
        74          0          0          0          0         80   sys_stackheap_outer.o
         2          0          0          0          0         68   use_no_semi.o
        98          4          0          0          0         92   d2f.o
        24          0          0          0          0         68   dcmpi.o
       688        140          0          0          0        208   ddiv.o
        46          0          0          0          0         68   dflt_clz.o
       120          4          0          0          0         92   dleqf.o
       156          4          0          0          0         92   dnaninf.o
        12          0          0          0          0         68   dretinf.o
       108          0          0          0          0         80   drleqf.o
       460         56          0          0          0        120   dsqrt_noumaal.o
        86          4          0          0          0         84   f2d.o
       430          8          0          0          0        168   faddsub_clz.o
       388         76          0          0          0         96   fdiv.o
       258          4          0          0          0         84   fmul.o
       140          4          0          0          0         84   fnaninf.o
        10          0          0          0          0         68   fretinf.o
         4          0          0          0          0         68   printf1.o
         0          0          0          0          0          0   usenofp.o
        40          0          0          0          0         68   fpclassify.o
        76          0          0          0          0         84   sqrt.o

    ----------------------------------------------------------------------
      7844        514        176          0         96       4388   Library Totals
        22          0          0          0          0          0   (incl. Padding)

    ----------------------------------------------------------------------

      Code (inc. data)   RO Data    RW Data    ZI Data      Debug   Library Name

      4678        210        176          0         96       2696   c_w.l
      3028        304          0          0          0       1540   fz_ws.l
       116          0          0          0          0        152   m_ws.l

    ----------------------------------------------------------------------
      7844        514        176          0         96       4388   Library Totals

    ----------------------------------------------------------------------

==============================================================================


      Code (inc. data)   RO Data    RW Data    ZI Data      Debug   

     11244        868        444         80       2864     229361   Grand Totals
     11244        868        444         80       2864     229361   ELF Image Totals
     11244        868        444         80          0          0   ROM Totals

==============================================================================

    Total RO  Size (Code + RO Data)                11688 (  11.41kB)
    Total RW  Size (RW Data + ZI Data)              2944 (   2.88kB)
    Total ROM Size (Code + RO Data + RW Data)      11768 (  11.49kB)

==============================================================================

