<html>
<body>
<pre>
<h1>µVision Build Log</h1>
<h2>Tool Versions:</h2>
IDE-Version: µVision V5.26.2.0
Copyright (C) 2018 ARM Ltd and ARM Germany GmbH. All rights reserved.
License Information: Anh Tu Tieu, LENOVO, LIC=----
 
Tool Versions:
Toolchain:       MDK-Lite  Version: 5.26.2.0
Toolchain Path:  C:\Keil_v5\ARM\ARMCC\Bin
C Compiler:      Armcc.exe V5.06 update 6 (build 750)
Assembler:       Armasm.exe V5.06 update 6 (build 750)
Linker/Locator:  ArmLink.exe V5.06 update 6 (build 750)
Library Manager: ArmAr.exe V5.06 update 6 (build 750)
Hex Converter:   FromElf.exe V5.06 update 6 (build 750)
CPU DLL:         SARMCM3.DLL V5.26.2.0
Dialog DLL:      DCM.DLL V1.17.2.0
Target DLL:      STLink\ST-LINKIII-KEIL_SWO.dll V3.0.5.0
Dialog DLL:      TCM.DLL V1.36.1.0
 
<h2>Project:</h2>
C:\Users\LENOVO\Desktop\StepCounter\StepCounter.uvprojx
Project File Date:  06/02/2023

<h2>Output:</h2>
*** Using Compiler 'V5.06 update 6 (build 750)', folder: 'C:\Keil_v5\ARM\ARMCC\Bin'
Rebuild target 'Target 1'
assembling startup_stm32f10x_ld.s...
compiling Timer.c...
Timer.h(9): warning:  #1-D: last line of file ends without a newline
  void DelayUs(uint16_t us);
Timer.c(48): warning:  #1-D: last line of file ends without a newline
  }
Timer.c: 2 warnings, 0 errors
compiling main.c...
SysTick.h(12): warning:  #1-D: last line of file ends without a newline
  void delayUs(uint32_t us);
SysTick.h(12): warning:  #1-D: last line of file ends without a newline
  void delayUs(uint32_t us);
I2C.h(8): warning:  #1-D: last line of file ends without a newline
  void i2cRead(uint8_t address, uint8_t *buffer, uint8_t size);
LCD1602.h(8): warning:  #1295-D: Deprecated declaration lcdInit - give arg types
  void lcdInit();
LCD1602.h(9): warning:  #1295-D: Deprecated declaration lcdClear - give arg types
  void lcdClear();
LCD1602.h(12): warning:  #1-D: last line of file ends without a newline
  void lcdMessage(uint8_t row, uint8_t col, char msg[]);
I2C.h(8): warning:  #1-D: last line of file ends without a newline
  void i2cRead(uint8_t address, uint8_t *buffer, uint8_t size);
MPU6050.h(15): warning:  #1-D: last line of file ends without a newline
  void mpu6050ReadAccel(float *Ax, float *Ay, float *Az);
main.c(14): warning:  #1295-D: Deprecated declaration calibrate - give arg types
  void calibrate();
main.c(15): warning:  #1295-D: Deprecated declaration initThreshold - give arg types
  void initThreshold();
main.c(16): warning:  #1295-D: Deprecated declaration counter - give arg types
  void counter();
main.c(296): warning:  #1-D: last line of file ends without a newline
  }*/
main.c: 12 warnings, 0 errors
compiling system_stm32f10x.c...
compiling MPU6050.c...
I2C.h(8): warning:  #1-D: last line of file ends without a newline
  void i2cRead(uint8_t address, uint8_t *buffer, uint8_t size);
MPU6050.h(15): warning:  #1-D: last line of file ends without a newline
  void mpu6050ReadAccel(float *Ax, float *Ay, float *Az);
MPU6050.c: 2 warnings, 0 errors
compiling I2C.c...
I2C.h(8): warning:  #1-D: last line of file ends without a newline
  void i2cRead(uint8_t address, uint8_t *buffer, uint8_t size);
I2C.c(111): warning:  #1-D: last line of file ends without a newline
  }
I2C.c: 2 warnings, 0 errors
compiling SysTick.c...
SysTick.h(12): warning:  #1-D: last line of file ends without a newline
  void delayUs(uint32_t us);
SysTick.c: 1 warning, 0 errors
compiling LCD1602.c...
SysTick.h(12): warning:  #1-D: last line of file ends without a newline
  void delayUs(uint32_t us);
I2C.h(8): warning:  #1-D: last line of file ends without a newline
  void i2cRead(uint8_t address, uint8_t *buffer, uint8_t size);
LCD1602.h(8): warning:  #1295-D: Deprecated declaration lcdInit - give arg types
  void lcdInit();
LCD1602.h(9): warning:  #1295-D: Deprecated declaration lcdClear - give arg types
  void lcdClear();
LCD1602.h(12): warning:  #1-D: last line of file ends without a newline
  void lcdMessage(uint8_t row, uint8_t col, char msg[]);
LCD1602.c(138): warning:  #1-D: last line of file ends without a newline
  }
LCD1602.c: 6 warnings, 0 errors
linking...
Program Size: Code=11244 RO-data=444 RW-data=80 ZI-data=2864  
".\Objects\StepCounter.axf" - 0 Error(s), 25 Warning(s).

<h2>Software Packages used:</h2>

Package Vendor: ARM
                http://www.keil.com/pack/ARM.CMSIS.5.9.0.pack
                ARM.CMSIS.5.9.0
                CMSIS (Common Microcontroller Software Interface Standard)
   * Component: CORE Version: 5.6.0

Package Vendor: Keil
                http://www.keil.com/pack/Keil.STM32F1xx_DFP.2.4.0.pack
                Keil.STM32F1xx_DFP.2.4.0
                STMicroelectronics STM32F1 Series Device Support, Drivers and Examples
   * Component: Startup Version: 1.0.0

<h2>Collection of Component include folders:</h2>
  .\RTE\Device\STM32F103C6
  .\RTE\_Target_1
  C:\Keil_v5\ARM\PACK\ARM\CMSIS\5.9.0\CMSIS\Core\Include
  C:\Keil_v5\ARM\PACK\Keil\STM32F1xx_DFP\2.4.0\Device\Include

<h2>Collection of Component Files used:</h2>

   * Component: ARM::CMSIS:CORE:5.6.0

   * Component: Keil::Device:Startup:1.0.0
      Source file:   Device\Source\ARM\startup_stm32f10x_ld.s
      Source file:   Device\Source\ARM\STM32F1xx_OPT.s
      Source file:   Device\Source\system_stm32f10x.c
      Include file:  RTE_Driver\Config\RTE_Device.h
Build Time Elapsed:  00:00:01
</pre>
</body>
</html>
